Archive member included to satisfy reference by file (symbol)

c:/st/stm32cubeide_1.4.0/stm32cubeide/plugins/com.st.stm32cube.ide.mcu.externaltools.gnu-tools-for-stm32.7-2018-q2-update.win32_1.4.0.202007081208/tools/bin/../lib/gcc/arm-none-eabi/7.3.1/../../../../arm-none-eabi/lib/thumb/v7e-m/fpv4-sp/hard\libc_nano.a(lib_a-errno.o)
                              Core/Src/syscalls.o (__errno)
c:/st/stm32cubeide_1.4.0/stm32cubeide/plugins/com.st.stm32cube.ide.mcu.externaltools.gnu-tools-for-stm32.7-2018-q2-update.win32_1.4.0.202007081208/tools/bin/../lib/gcc/arm-none-eabi/7.3.1/../../../../arm-none-eabi/lib/thumb/v7e-m/fpv4-sp/hard\libc_nano.a(lib_a-exit.o)
                              c:/st/stm32cubeide_1.4.0/stm32cubeide/plugins/com.st.stm32cube.ide.mcu.externaltools.gnu-tools-for-stm32.7-2018-q2-update.win32_1.4.0.202007081208/tools/bin/../lib/gcc/arm-none-eabi/7.3.1/../../../../arm-none-eabi/lib/thumb/v7e-m/fpv4-sp/hard/crt0.o (exit)
c:/st/stm32cubeide_1.4.0/stm32cubeide/plugins/com.st.stm32cube.ide.mcu.externaltools.gnu-tools-for-stm32.7-2018-q2-update.win32_1.4.0.202007081208/tools/bin/../lib/gcc/arm-none-eabi/7.3.1/../../../../arm-none-eabi/lib/thumb/v7e-m/fpv4-sp/hard\libc_nano.a(lib_a-impure.o)
                              c:/st/stm32cubeide_1.4.0/stm32cubeide/plugins/com.st.stm32cube.ide.mcu.externaltools.gnu-tools-for-stm32.7-2018-q2-update.win32_1.4.0.202007081208/tools/bin/../lib/gcc/arm-none-eabi/7.3.1/../../../../arm-none-eabi/lib/thumb/v7e-m/fpv4-sp/hard\libc_nano.a(lib_a-exit.o) (_global_impure_ptr)
c:/st/stm32cubeide_1.4.0/stm32cubeide/plugins/com.st.stm32cube.ide.mcu.externaltools.gnu-tools-for-stm32.7-2018-q2-update.win32_1.4.0.202007081208/tools/bin/../lib/gcc/arm-none-eabi/7.3.1/../../../../arm-none-eabi/lib/thumb/v7e-m/fpv4-sp/hard\libc_nano.a(lib_a-init.o)
                              c:/st/stm32cubeide_1.4.0/stm32cubeide/plugins/com.st.stm32cube.ide.mcu.externaltools.gnu-tools-for-stm32.7-2018-q2-update.win32_1.4.0.202007081208/tools/bin/../lib/gcc/arm-none-eabi/7.3.1/../../../../arm-none-eabi/lib/thumb/v7e-m/fpv4-sp/hard/crt0.o (__libc_init_array)
c:/st/stm32cubeide_1.4.0/stm32cubeide/plugins/com.st.stm32cube.ide.mcu.externaltools.gnu-tools-for-stm32.7-2018-q2-update.win32_1.4.0.202007081208/tools/bin/../lib/gcc/arm-none-eabi/7.3.1/../../../../arm-none-eabi/lib/thumb/v7e-m/fpv4-sp/hard\libc_nano.a(lib_a-memset.o)
                              c:/st/stm32cubeide_1.4.0/stm32cubeide/plugins/com.st.stm32cube.ide.mcu.externaltools.gnu-tools-for-stm32.7-2018-q2-update.win32_1.4.0.202007081208/tools/bin/../lib/gcc/arm-none-eabi/7.3.1/../../../../arm-none-eabi/lib/thumb/v7e-m/fpv4-sp/hard/crt0.o (memset)

Allocating common symbols
Common symbol       size              file

USERPath            0x4               FATFS/App/fatfs.o
hUsbDeviceFS        0x2c4             USB_DEVICE/App/usb_device.o
hspi2               0x64              Core/Src/spi.o
hadc2               0x50              Core/Src/adc.o
hi2c1               0x4c              Core/Src/i2c.o
hcan                0x28              Core/Src/can.o
uwTick              0x4               Drivers/STM32F3xx_HAL_Driver/Src/stm32f3xx_hal.o
pFlash              0x20              Drivers/STM32F3xx_HAL_Driver/Src/stm32f3xx_hal_flash.o
hspi3               0x64              Core/Src/spi.o
hadc1               0x50              Core/Src/adc.o
retUSER             0x1               FATFS/App/fatfs.o
hrtc                0x20              Core/Src/rtc.o
Timer2              0x2               Core/Src/fatfs_sd.o
huart2              0x80              Core/Src/usart.o
hpcd_USB_FS         0x26c             USB_DEVICE/Target/usbd_conf.o
Timer1              0x2               Core/Src/fatfs_sd.o
USBD_StrDesc        0x200             USB_DEVICE/App/usbd_desc.o
USERFile            0x22c             FATFS/App/fatfs.o
USERFatFS           0x230             FATFS/App/fatfs.o

Discarded input sections

 .text          0x0000000000000000        0x0 c:/st/stm32cubeide_1.4.0/stm32cubeide/plugins/com.st.stm32cube.ide.mcu.externaltools.gnu-tools-for-stm32.7-2018-q2-update.win32_1.4.0.202007081208/tools/bin/../lib/gcc/arm-none-eabi/7.3.1/thumb/v7e-m/fpv4-sp/hard/crti.o
 .data          0x0000000000000000        0x0 c:/st/stm32cubeide_1.4.0/stm32cubeide/plugins/com.st.stm32cube.ide.mcu.externaltools.gnu-tools-for-stm32.7-2018-q2-update.win32_1.4.0.202007081208/tools/bin/../lib/gcc/arm-none-eabi/7.3.1/thumb/v7e-m/fpv4-sp/hard/crti.o
 .bss           0x0000000000000000        0x0 c:/st/stm32cubeide_1.4.0/stm32cubeide/plugins/com.st.stm32cube.ide.mcu.externaltools.gnu-tools-for-stm32.7-2018-q2-update.win32_1.4.0.202007081208/tools/bin/../lib/gcc/arm-none-eabi/7.3.1/thumb/v7e-m/fpv4-sp/hard/crti.o
 .data          0x0000000000000000        0x4 c:/st/stm32cubeide_1.4.0/stm32cubeide/plugins/com.st.stm32cube.ide.mcu.externaltools.gnu-tools-for-stm32.7-2018-q2-update.win32_1.4.0.202007081208/tools/bin/../lib/gcc/arm-none-eabi/7.3.1/thumb/v7e-m/fpv4-sp/hard/crtbegin.o
[...]
Memory Configuration

Name             Origin             Length             Attributes
RAM              0x0000000020000000 0x000000000000a000 xrw
FLASH            0x0000000008000000 0x0000000000040000 xr
*default*        0x0000000000000000 0xffffffffffffffff

Linker script and memory map

LOAD c:/st/stm32cubeide_1.4.0/stm32cubeide/plugins/com.st.stm32cube.ide.mcu.externaltools.gnu-tools-for-stm32.7-2018-q2-update.win32_1.4.0.202007081208/tools/bin/../lib/gcc/arm-none-eabi/7.3.1/thumb/v7e-m/fpv4-sp/hard/crti.o
LOAD c:/st/stm32cubeide_1.4.0/stm32cubeide/plugins/com.st.stm32cube.ide.mcu.externaltools.gnu-tools-for-stm32.7-2018-q2-update.win32_1.4.0.202007081208/tools/bin/../lib/gcc/arm-none-eabi/7.3.1/thumb/v7e-m/fpv4-sp/hard/crtbegin.o
LOAD c:/st/stm32cubeide_1.4.0/stm32cubeide/plugins/com.st.stm32cube.ide.mcu.externaltools.gnu-tools-for-stm32.7-2018-q2-update.win32_1.4.0.202007081208/tools/bin/../lib/gcc/arm-none-eabi/7.3.1/../../../../arm-none-eabi/lib/thumb/v7e-m/fpv4-sp/hard/crt0.o
LOAD Core/Src/adc.o
LOAD Core/Src/bts7xx.o
LOAD Core/Src/can.o
LOAD Core/Src/fatfs_sd.o
LOAD Core/Src/gpio.o
LOAD Core/Src/i2c.o
LOAD Core/Src/main.o
LOAD Core/Src/rtc.o
LOAD Core/Src/spi.o
LOAD Core/Src/stm32f3xx_hal_msp.o
LOAD Core/Src/stm32f3xx_it.o
LOAD Core/Src/syscalls.o
LOAD Core/Src/sysmem.o
LOAD Core/Src/system_stm32f3xx.o
LOAD Core/Src/usart.o
LOAD Core/Startup/startup_stm32f302vctx.o
LOAD Drivers/STM32F3xx_HAL_Driver/Src/stm32f3xx_hal.o
LOAD Drivers/STM32F3xx_HAL_Driver/Src/stm32f3xx_hal_adc.o
LOAD Drivers/STM32F3xx_HAL_Driver/Src/stm32f3xx_hal_adc_ex.o
LOAD Drivers/STM32F3xx_HAL_Driver/Src/stm32f3xx_hal_can.o
LOAD Drivers/STM32F3xx_HAL_Driver/Src/stm32f3xx_hal_cortex.o
LOAD Drivers/STM32F3xx_HAL_Driver/Src/stm32f3xx_hal_dma.o
LOAD Drivers/STM32F3xx_HAL_Driver/Src/stm32f3xx_hal_exti.o
LOAD Drivers/STM32F3xx_HAL_Driver/Src/stm32f3xx_hal_flash.o
LOAD Drivers/STM32F3xx_HAL_Driver/Src/stm32f3xx_hal_flash_ex.o
LOAD Drivers/STM32F3xx_HAL_Driver/Src/stm32f3xx_hal_gpio.o
LOAD Drivers/STM32F3xx_HAL_Driver/Src/stm32f3xx_hal_i2c.o
LOAD Drivers/STM32F3xx_HAL_Driver/Src/stm32f3xx_hal_i2c_ex.o
LOAD Drivers/STM32F3xx_HAL_Driver/Src/stm32f3xx_hal_pcd.o
LOAD Drivers/STM32F3xx_HAL_Driver/Src/stm32f3xx_hal_pcd_ex.o
LOAD Drivers/STM32F3xx_HAL_Driver/Src/stm32f3xx_hal_pwr.o
LOAD Drivers/STM32F3xx_HAL_Driver/Src/stm32f3xx_hal_pwr_ex.o
LOAD Drivers/STM32F3xx_HAL_Driver/Src/stm32f3xx_hal_rcc.o
LOAD Drivers/STM32F3xx_HAL_Driver/Src/stm32f3xx_hal_rcc_ex.o
LOAD Drivers/STM32F3xx_HAL_Driver/Src/stm32f3xx_hal_rtc.o
LOAD Drivers/STM32F3xx_HAL_Driver/Src/stm32f3xx_hal_rtc_ex.o
LOAD Drivers/STM32F3xx_HAL_Driver/Src/stm32f3xx_hal_spi.o
LOAD Drivers/STM32F3xx_HAL_Driver/Src/stm32f3xx_hal_spi_ex.o
LOAD Drivers/STM32F3xx_HAL_Driver/Src/stm32f3xx_hal_tim.o
LOAD Drivers/STM32F3xx_HAL_Driver/Src/stm32f3xx_hal_tim_ex.o
LOAD Drivers/STM32F3xx_HAL_Driver/Src/stm32f3xx_hal_uart.o
LOAD Drivers/STM32F3xx_HAL_Driver/Src/stm32f3xx_hal_uart_ex.o
LOAD Drivers/STM32F3xx_HAL_Driver/Src/stm32f3xx_ll_usb.o
LOAD FATFS/App/fatfs.o
LOAD FATFS/Target/user_diskio.o
LOAD Middlewares/ST/STM32_USB_Device_Library/Class/MSC/Src/usbd_msc.o
LOAD Middlewares/ST/STM32_USB_Device_Library/Class/MSC/Src/usbd_msc_bot.o
LOAD Middlewares/ST/STM32_USB_Device_Library/Class/MSC/Src/usbd_msc_data.o
LOAD Middlewares/ST/STM32_USB_Device_Library/Class/MSC/Src/usbd_msc_scsi.o
LOAD Middlewares/ST/STM32_USB_Device_Library/Core/Src/usbd_core.o
LOAD Middlewares/ST/STM32_USB_Device_Library/Core/Src/usbd_ctlreq.o
LOAD Middlewares/ST/STM32_USB_Device_Library/Core/Src/usbd_ioreq.o
LOAD Middlewares/Third_Party/FatFs/src/diskio.o
LOAD Middlewares/Third_Party/FatFs/src/ff.o
LOAD Middlewares/Third_Party/FatFs/src/ff_gen_drv.o
LOAD Middlewares/Third_Party/FatFs/src/option/syscall.o
LOAD USB_DEVICE/App/usb_device.o
LOAD USB_DEVICE/App/usbd_desc.o
LOAD USB_DEVICE/App/usbd_storage_if.o
LOAD USB_DEVICE/Target/usbd_conf.o
START GROUP
LOAD c:/st/stm32cubeide_1.4.0/stm32cubeide/plugins/com.st.stm32cube.ide.mcu.externaltools.gnu-tools-for-stm32.7-2018-q2-update.win32_1.4.0.202007081208/tools/bin/../lib/gcc/arm-none-eabi/7.3.1/../../../../arm-none-eabi/lib/thumb/v7e-m/fpv4-sp/hard\libc_nano.a
LOAD c:/st/stm32cubeide_1.4.0/stm32cubeide/plugins/com.st.stm32cube.ide.mcu.externaltools.gnu-tools-for-stm32.7-2018-q2-update.win32_1.4.0.202007081208/tools/bin/../lib/gcc/arm-none-eabi/7.3.1/../../../../arm-none-eabi/lib/thumb/v7e-m/fpv4-sp/hard\libm.a
END GROUP
START GROUP
LOAD c:/st/stm32cubeide_1.4.0/stm32cubeide/plugins/com.st.stm32cube.ide.mcu.externaltools.gnu-tools-for-stm32.7-2018-q2-update.win32_1.4.0.202007081208/tools/bin/../lib/gcc/arm-none-eabi/7.3.1/thumb/v7e-m/fpv4-sp/hard\libgcc.a
LOAD c:/st/stm32cubeide_1.4.0/stm32cubeide/plugins/com.st.stm32cube.ide.mcu.externaltools.gnu-tools-for-stm32.7-2018-q2-update.win32_1.4.0.202007081208/tools/bin/../lib/gcc/arm-none-eabi/7.3.1/../../../../arm-none-eabi/lib/thumb/v7e-m/fpv4-sp/hard\libc_nano.a
END GROUP
START GROUP
LOAD c:/st/stm32cubeide_1.4.0/stm32cubeide/plugins/com.st.stm32cube.ide.mcu.externaltools.gnu-tools-for-stm32.7-2018-q2-update.win32_1.4.0.202007081208/tools/bin/../lib/gcc/arm-none-eabi/7.3.1/thumb/v7e-m/fpv4-sp/hard\libgcc.a
LOAD c:/st/stm32cubeide_1.4.0/stm32cubeide/plugins/com.st.stm32cube.ide.mcu.externaltools.gnu-tools-for-stm32.7-2018-q2-update.win32_1.4.0.202007081208/tools/bin/../lib/gcc/arm-none-eabi/7.3.1/../../../../arm-none-eabi/lib/thumb/v7e-m/fpv4-sp/hard\libc_nano.a
LOAD c:/st/stm32cubeide_1.4.0/stm32cubeide/plugins/com.st.stm32cube.ide.mcu.externaltools.gnu-tools-for-stm32.7-2018-q2-update.win32_1.4.0.202007081208/tools/bin/../lib/gcc/arm-none-eabi/7.3.1/../../../../arm-none-eabi/lib/thumb/v7e-m/fpv4-sp/hard\libnosys.a
END GROUP
START GROUP
LOAD c:/st/stm32cubeide_1.4.0/stm32cubeide/plugins/com.st.stm32cube.ide.mcu.externaltools.gnu-tools-for-stm32.7-2018-q2-update.win32_1.4.0.202007081208/tools/bin/../lib/gcc/arm-none-eabi/7.3.1/thumb/v7e-m/fpv4-sp/hard\libgcc.a
LOAD c:/st/stm32cubeide_1.4.0/stm32cubeide/plugins/com.st.stm32cube.ide.mcu.externaltools.gnu-tools-for-stm32.7-2018-q2-update.win32_1.4.0.202007081208/tools/bin/../lib/gcc/arm-none-eabi/7.3.1/../../../../arm-none-eabi/lib/thumb/v7e-m/fpv4-sp/hard\libc_nano.a
LOAD c:/st/stm32cubeide_1.4.0/stm32cubeide/plugins/com.st.stm32cube.ide.mcu.externaltools.gnu-tools-for-stm32.7-2018-q2-update.win32_1.4.0.202007081208/tools/bin/../lib/gcc/arm-none-eabi/7.3.1/../../../../arm-none-eabi/lib/thumb/v7e-m/fpv4-sp/hard\libnosys.a
END GROUP
LOAD c:/st/stm32cubeide_1.4.0/stm32cubeide/plugins/com.st.stm32cube.ide.mcu.externaltools.gnu-tools-for-stm32.7-2018-q2-update.win32_1.4.0.202007081208/tools/bin/../lib/gcc/arm-none-eabi/7.3.1/thumb/v7e-m/fpv4-sp/hard/crtend.o
LOAD c:/st/stm32cubeide_1.4.0/stm32cubeide/plugins/com.st.stm32cube.ide.mcu.externaltools.gnu-tools-for-stm32.7-2018-q2-update.win32_1.4.0.202007081208/tools/bin/../lib/gcc/arm-none-eabi/7.3.1/thumb/v7e-m/fpv4-sp/hard/crtn.o
                0x000000002000a000                _estack = (ORIGIN (RAM) + LENGTH (RAM))
                0x0000000000000200                _Min_Heap_Size = 0x200
                0x0000000000000400                _Min_Stack_Size = 0x400

.isr_vector     0x0000000008000000      0x188
                0x0000000008000000                . = ALIGN (0x4)
 *(.isr_vector)
 .isr_vector    0x0000000008000000      0x188 Core/Startup/startup_stm32f302vctx.o
                0x0000000008000000                g_pfnVectors
                0x0000000008000188                . = ALIGN (0x4)

.text           0x0000000008000188     0x9eb8
                0x0000000008000188                . = ALIGN (0x4)
 *(.text)
 .text          0x0000000008000188       0x40 c:/st/stm32cubeide_1.4.0/stm32cubeide/plugins/com.st.stm32cube.ide.mcu.externaltools.gnu-tools-for-stm32.7-2018-q2-update.win32_1.4.0.202007081208/tools/bin/../lib/gcc/arm-none-eabi/7.3.1/thumb/v7e-m/fpv4-sp/hard/crtbegin.o
 *(.text*)
 .text.MX_ADC1_Init
                0x00000000080001c8       0xe0 Core/Src/adc.o
                0x00000000080001c8                MX_ADC1_Init
 .text.MX_ADC2_Init
                0x00000000080002a8       0xbc Core/Src/adc.o
                0x00000000080002a8                MX_ADC2_Init
 .text.HAL_ADC_MspInit
                0x0000000008000364      0x164 Core/Src/adc.o
                0x0000000008000364                HAL_ADC_MspInit
 .text.BTS7XX_WriteRegister
                0x00000000080004c8       0x5c Core/Src/bts7xx.o
                0x00000000080004c8                BTS7XX_WriteRegister
 .text.BTS7XX_ReadRegister
                0x0000000008000524       0x86 Core/Src/bts7xx.o
                0x0000000008000524                BTS7XX_ReadRegister
 *fill*         0x00000000080005aa        0x2 
 .text.MX_CAN_Init
                0x00000000080005ac       0x68 Core/Src/can.o
                0x00000000080005ac                MX_CAN_Init
 .text.HAL_CAN_MspInit
                0x0000000008000614       0x88 Core/Src/can.o
                0x0000000008000614                HAL_CAN_MspInit
 .text.MX_GPIO_Init
                0x000000000800069c      0x1d8 Core/Src/gpio.o
                0x000000000800069c                MX_GPIO_Init
 .text.MX_I2C1_Init
                0x0000000008000874       0x80 Core/Src/i2c.o
                0x0000000008000874                MX_I2C1_Init
 .text.HAL_I2C_MspInit
                0x00000000080008f4       0x88 Core/Src/i2c.o
                0x00000000080008f4                HAL_I2C_MspInit
 .text.main     0x000000000800097c      0x46c Core/Src/main.o
                0x000000000800097c                main
 .text.SystemClock_Config
                0x0000000008000de8       0xd4 Core/Src/main.o
                0x0000000008000de8                SystemClock_Config
 .text.Error_Handler
                0x0000000008000ebc        0xe Core/Src/main.o
                0x0000000008000ebc                Error_Handler
 *fill*         0x0000000008000eca        0x2 
 .text.MX_RTC_Init
                0x0000000008000ecc       0x4c Core/Src/rtc.o
                0x0000000008000ecc                MX_RTC_Init
 .text.HAL_RTC_MspInit
                0x0000000008000f18       0x4c Core/Src/rtc.o
                0x0000000008000f18                HAL_RTC_MspInit
 .text.MX_SPI2_Init
                0x0000000008000f64       0x7c Core/Src/spi.o
                0x0000000008000f64                MX_SPI2_Init
 .text.MX_SPI3_Init
                0x0000000008000fe0       0x7c Core/Src/spi.o
                0x0000000008000fe0                MX_SPI3_Init
 .text.HAL_SPI_MspInit
                0x000000000800105c      0x12c Core/Src/spi.o
                0x000000000800105c                HAL_SPI_MspInit
 .text.HAL_MspInit
                0x0000000008001188       0x48 Core/Src/stm32f3xx_hal_msp.o
                0x0000000008001188                HAL_MspInit
 .text.NMI_Handler
                0x00000000080011d0        0xe Core/Src/stm32f3xx_it.o
                0x00000000080011d0                NMI_Handler
 .text.HardFault_Handler
                0x00000000080011de        0x6 Core/Src/stm32f3xx_it.o
                0x00000000080011de                HardFault_Handler
 .text.MemManage_Handler
                0x00000000080011e4        0x6 Core/Src/stm32f3xx_it.o
                0x00000000080011e4                MemManage_Handler
 .text.BusFault_Handler
                0x00000000080011ea        0x6 Core/Src/stm32f3xx_it.o
                0x00000000080011ea                BusFault_Handler
 .text.UsageFault_Handler
                0x00000000080011f0        0x6 Core/Src/stm32f3xx_it.o
                0x00000000080011f0                UsageFault_Handler
 .text.SVC_Handler
                0x00000000080011f6        0xe Core/Src/stm32f3xx_it.o
                0x00000000080011f6                SVC_Handler
 .text.DebugMon_Handler
                0x0000000008001204        0xe Core/Src/stm32f3xx_it.o
                0x0000000008001204                DebugMon_Handler
 .text.PendSV_Handler
                0x0000000008001212        0xe Core/Src/stm32f3xx_it.o
                0x0000000008001212                PendSV_Handler
 .text.SysTick_Handler
                0x0000000008001220        0xc Core/Src/stm32f3xx_it.o
                0x0000000008001220                SysTick_Handler
 .text.USB_LP_IRQHandler
                0x000000000800122c       0x14 Core/Src/stm32f3xx_it.o
                0x000000000800122c                USB_LP_IRQHandler
 .text.SystemInit
                0x0000000008001240       0x2c Core/Src/system_stm32f3xx.o
                0x0000000008001240                SystemInit
 .text.MX_USART2_UART_Init
                0x000000000800126c       0x60 Core/Src/usart.o
                0x000000000800126c                MX_USART2_UART_Init
 .text.HAL_UART_MspInit
                0x00000000080012cc       0x88 Core/Src/usart.o
                0x00000000080012cc                HAL_UART_MspInit
 .text.Reset_Handler
                0x0000000008001354       0x50 Core/Startup/startup_stm32f302vctx.o
                0x0000000008001354                Reset_Handler
 .text.Default_Handler
                0x00000000080013a4        0x2 Core/Startup/startup_stm32f302vctx.o
                0x00000000080013a4                RTC_Alarm_IRQHandler
                0x00000000080013a4                TIM1_CC_IRQHandler
                0x00000000080013a4                USB_HP_IRQHandler
                0x00000000080013a4                PVD_IRQHandler
                0x00000000080013a4                TAMP_STAMP_IRQHandler
                0x00000000080013a4                EXTI3_IRQHandler
                0x00000000080013a4                USB_HP_CAN_TX_IRQHandler
                0x00000000080013a4                EXTI0_IRQHandler
                0x00000000080013a4                I2C2_EV_IRQHandler
                0x00000000080013a4                FPU_IRQHandler
                0x00000000080013a4                TIM1_UP_TIM16_IRQHandler
                0x00000000080013a4                ADC1_2_IRQHandler
                0x00000000080013a4                SPI1_IRQHandler
                0x00000000080013a4                CAN_SCE_IRQHandler
                0x00000000080013a4                TIM6_DAC_IRQHandler
                0x00000000080013a4                DMA2_Channel2_IRQHandler
                0x00000000080013a4                DMA1_Channel4_IRQHandler
                0x00000000080013a4                USART3_IRQHandler
                0x00000000080013a4                DMA1_Channel7_IRQHandler
                0x00000000080013a4                UART5_IRQHandler
                0x00000000080013a4                TIM4_IRQHandler
                0x00000000080013a4                CAN_RX1_IRQHandler
                0x00000000080013a4                DMA2_Channel1_IRQHandler
                0x00000000080013a4                I2C1_EV_IRQHandler
                0x00000000080013a4                DMA1_Channel6_IRQHandler
                0x00000000080013a4                UART4_IRQHandler
                0x00000000080013a4                DMA2_Channel4_IRQHandler
                0x00000000080013a4                TIM3_IRQHandler
                0x00000000080013a4                RCC_IRQHandler
                0x00000000080013a4                DMA1_Channel1_IRQHandler
                0x00000000080013a4                Default_Handler
                0x00000000080013a4                USBWakeUp_RMP_IRQHandler
                0x00000000080013a4                EXTI15_10_IRQHandler
                0x00000000080013a4                EXTI9_5_IRQHandler
                0x00000000080013a4                RTC_WKUP_IRQHandler
                0x00000000080013a4                SPI2_IRQHandler
                0x00000000080013a4                USB_LP_CAN_RX0_IRQHandler
                0x00000000080013a4                DMA2_Channel5_IRQHandler
                0x00000000080013a4                DMA1_Channel5_IRQHandler
                0x00000000080013a4                EXTI4_IRQHandler
                0x00000000080013a4                COMP1_2_IRQHandler
                0x00000000080013a4                TIM1_TRG_COM_TIM17_IRQHandler
                0x00000000080013a4                DMA1_Channel3_IRQHandler
                0x00000000080013a4                WWDG_IRQHandler
                0x00000000080013a4                TIM2_IRQHandler
                0x00000000080013a4                EXTI1_IRQHandler
                0x00000000080013a4                COMP4_6_IRQHandler
                0x00000000080013a4                USART2_IRQHandler
                0x00000000080013a4                I2C2_ER_IRQHandler
                0x00000000080013a4                DMA1_Channel2_IRQHandler
                0x00000000080013a4                FLASH_IRQHandler
                0x00000000080013a4                USART1_IRQHandler
                0x00000000080013a4                SPI3_IRQHandler
                0x00000000080013a4                I2C1_ER_IRQHandler
                0x00000000080013a4                USBWakeUp_IRQHandler
                0x00000000080013a4                DMA2_Channel3_IRQHandler
                0x00000000080013a4                EXTI2_TSC_IRQHandler
                0x00000000080013a4                TIM1_BRK_TIM15_IRQHandler
 *fill*         0x00000000080013a6        0x2 
 .text.HAL_Init
                0x00000000080013a8       0x2c Drivers/STM32F3xx_HAL_Driver/Src/stm32f3xx_hal.o
                0x00000000080013a8                HAL_Init
 .text.HAL_InitTick
                0x00000000080013d4       0x60 Drivers/STM32F3xx_HAL_Driver/Src/stm32f3xx_hal.o
                0x00000000080013d4                HAL_InitTick
 .text.HAL_IncTick
                0x0000000008001434       0x28 Drivers/STM32F3xx_HAL_Driver/Src/stm32f3xx_hal.o
                0x0000000008001434                HAL_IncTick
 .text.HAL_GetTick
                0x000000000800145c       0x18 Drivers/STM32F3xx_HAL_Driver/Src/stm32f3xx_hal.o
                0x000000000800145c                HAL_GetTick
 .text.HAL_Delay
                0x0000000008001474       0x44 Drivers/STM32F3xx_HAL_Driver/Src/stm32f3xx_hal.o
                0x0000000008001474                HAL_Delay
 .text.HAL_ADC_Init
                0x00000000080014b8      0x324 Drivers/STM32F3xx_HAL_Driver/Src/stm32f3xx_hal_adc_ex.o
                0x00000000080014b8                HAL_ADC_Init
 .text.HAL_ADC_ConfigChannel
                0x00000000080017dc      0x584 Drivers/STM32F3xx_HAL_Driver/Src/stm32f3xx_hal_adc_ex.o
                0x00000000080017dc                HAL_ADC_ConfigChannel
 .text.HAL_ADCEx_MultiModeConfigChannel
                0x0000000008001d60      0x18c Drivers/STM32F3xx_HAL_Driver/Src/stm32f3xx_hal_adc_ex.o
                0x0000000008001d60                HAL_ADCEx_MultiModeConfigChannel
 .text.ADC_Disable
                0x0000000008001eec       0xbe Drivers/STM32F3xx_HAL_Driver/Src/stm32f3xx_hal_adc_ex.o
 .text.HAL_CAN_Init
                0x0000000008001faa      0x1f6 Drivers/STM32F3xx_HAL_Driver/Src/stm32f3xx_hal_can.o
                0x0000000008001faa                HAL_CAN_Init
 .text.__NVIC_SetPriorityGrouping
                0x00000000080021a0       0x48 Drivers/STM32F3xx_HAL_Driver/Src/stm32f3xx_hal_cortex.o
 .text.__NVIC_GetPriorityGrouping
                0x00000000080021e8       0x1c Drivers/STM32F3xx_HAL_Driver/Src/stm32f3xx_hal_cortex.o
 .text.__NVIC_EnableIRQ
                0x0000000008002204       0x3c Drivers/STM32F3xx_HAL_Driver/Src/stm32f3xx_hal_cortex.o
 .text.__NVIC_SetPriority
                0x0000000008002240       0x54 Drivers/STM32F3xx_HAL_Driver/Src/stm32f3xx_hal_cortex.o
 .text.NVIC_EncodePriority
                0x0000000008002294       0x66 Drivers/STM32F3xx_HAL_Driver/Src/stm32f3xx_hal_cortex.o
 *fill*         0x00000000080022fa        0x2 
 .text.SysTick_Config
                0x00000000080022fc       0x44 Drivers/STM32F3xx_HAL_Driver/Src/stm32f3xx_hal_cortex.o
 .text.HAL_NVIC_SetPriorityGrouping
                0x0000000008002340       0x16 Drivers/STM32F3xx_HAL_Driver/Src/stm32f3xx_hal_cortex.o
                0x0000000008002340                HAL_NVIC_SetPriorityGrouping
 .text.HAL_NVIC_SetPriority
                0x0000000008002356       0x38 Drivers/STM32F3xx_HAL_Driver/Src/stm32f3xx_hal_cortex.o
                0x0000000008002356                HAL_NVIC_SetPriority
 .text.HAL_NVIC_EnableIRQ
                0x000000000800238e       0x1c Drivers/STM32F3xx_HAL_Driver/Src/stm32f3xx_hal_cortex.o
                0x000000000800238e                HAL_NVIC_EnableIRQ
 .text.HAL_SYSTICK_Config
                0x00000000080023aa       0x18 Drivers/STM32F3xx_HAL_Driver/Src/stm32f3xx_hal_cortex.o
                0x00000000080023aa                HAL_SYSTICK_Config
 *fill*         0x00000000080023c2        0x2 
 .text.HAL_GPIO_Init
                0x00000000080023c4      0x2f4 Drivers/STM32F3xx_HAL_Driver/Src/stm32f3xx_hal_gpio.o
                0x00000000080023c4                HAL_GPIO_Init
 .text.HAL_GPIO_WritePin
                0x00000000080026b8       0x30 Drivers/STM32F3xx_HAL_Driver/Src/stm32f3xx_hal_gpio.o
                0x00000000080026b8                HAL_GPIO_WritePin
 .text.HAL_I2C_Init
                0x00000000080026e8      0x11e Drivers/STM32F3xx_HAL_Driver/Src/stm32f3xx_hal_i2c.o
                0x00000000080026e8                HAL_I2C_Init
 .text.HAL_I2CEx_ConfigAnalogFilter
                0x0000000008002806       0x96 Drivers/STM32F3xx_HAL_Driver/Src/stm32f3xx_hal_i2c_ex.o
                0x0000000008002806                HAL_I2CEx_ConfigAnalogFilter
 .text.HAL_I2CEx_ConfigDigitalFilter
                0x000000000800289c       0x98 Drivers/STM32F3xx_HAL_Driver/Src/stm32f3xx_hal_i2c_ex.o
                0x000000000800289c                HAL_I2CEx_ConfigDigitalFilter
 .text.HAL_PCD_Init
                0x0000000008002934      0x168 Drivers/STM32F3xx_HAL_Driver/Src/stm32f3xx_hal_pcd.o
                0x0000000008002934                HAL_PCD_Init
 .text.HAL_PCD_Start
                0x0000000008002a9c       0x4c Drivers/STM32F3xx_HAL_Driver/Src/stm32f3xx_hal_pcd.o
                0x0000000008002a9c                HAL_PCD_Start
 .text.HAL_PCD_IRQHandler
                0x0000000008002ae8      0x204 Drivers/STM32F3xx_HAL_Driver/Src/stm32f3xx_hal_pcd.o
                0x0000000008002ae8                HAL_PCD_IRQHandler
 .text.HAL_PCD_SetAddress
                0x0000000008002cec       0x4a Drivers/STM32F3xx_HAL_Driver/Src/stm32f3xx_hal_pcd.o
                0x0000000008002cec                HAL_PCD_SetAddress
 .text.HAL_PCD_EP_Open
                0x0000000008002d36       0xc0 Drivers/STM32F3xx_HAL_Driver/Src/stm32f3xx_hal_pcd.o
                0x0000000008002d36                HAL_PCD_EP_Open
 .text.HAL_PCD_EP_Close
                0x0000000008002df6       0x84 Drivers/STM32F3xx_HAL_Driver/Src/stm32f3xx_hal_pcd.o
                0x0000000008002df6                HAL_PCD_EP_Close
 .text.HAL_PCD_EP_Receive
                0x0000000008002e7a       0x74 Drivers/STM32F3xx_HAL_Driver/Src/stm32f3xx_hal_pcd.o
                0x0000000008002e7a                HAL_PCD_EP_Receive
 .text.HAL_PCD_EP_GetRxCount
                0x0000000008002eee       0x2a Drivers/STM32F3xx_HAL_Driver/Src/stm32f3xx_hal_pcd.o
                0x0000000008002eee                HAL_PCD_EP_GetRxCount
 .text.HAL_PCD_EP_Transmit
                0x0000000008002f18       0x72 Drivers/STM32F3xx_HAL_Driver/Src/stm32f3xx_hal_pcd.o
                0x0000000008002f18                HAL_PCD_EP_Transmit
 .text.HAL_PCD_EP_SetStall
                0x0000000008002f8a       0xb4 Drivers/STM32F3xx_HAL_Driver/Src/stm32f3xx_hal_pcd.o
                0x0000000008002f8a                HAL_PCD_EP_SetStall
 .text.HAL_PCD_EP_ClrStall
                0x000000000800303e       0x9c Drivers/STM32F3xx_HAL_Driver/Src/stm32f3xx_hal_pcd.o
                0x000000000800303e                HAL_PCD_EP_ClrStall
 .text.HAL_PCD_EP_Flush
                0x00000000080030da       0x1a Drivers/STM32F3xx_HAL_Driver/Src/stm32f3xx_hal_pcd.o
                0x00000000080030da                HAL_PCD_EP_Flush
 .text.PCD_EP_ISR_Handler
                0x00000000080030f4      0x53c Drivers/STM32F3xx_HAL_Driver/Src/stm32f3xx_hal_pcd.o
 .text.HAL_PCDEx_PMAConfig
                0x0000000008003630       0x7a Drivers/STM32F3xx_HAL_Driver/Src/stm32f3xx_hal_pcd_ex.o
                0x0000000008003630                HAL_PCDEx_PMAConfig
 *fill*         0x00000000080036aa        0x2 
 .text.HAL_RCC_OscConfig
                0x00000000080036ac      0xe10 Drivers/STM32F3xx_HAL_Driver/Src/stm32f3xx_hal_rcc.o
                0x00000000080036ac                HAL_RCC_OscConfig
 .text.HAL_RCC_ClockConfig
                0x00000000080044bc      0x2f8 Drivers/STM32F3xx_HAL_Driver/Src/stm32f3xx_hal_rcc.o
                0x00000000080044bc                HAL_RCC_ClockConfig
 .text.HAL_RCC_GetSysClockFreq
                0x00000000080047b4       0xd4 Drivers/STM32F3xx_HAL_Driver/Src/stm32f3xx_hal_rcc.o
                0x00000000080047b4                HAL_RCC_GetSysClockFreq
 .text.HAL_RCC_GetHCLKFreq
                0x0000000008004888       0x18 Drivers/STM32F3xx_HAL_Driver/Src/stm32f3xx_hal_rcc.o
                0x0000000008004888                HAL_RCC_GetHCLKFreq
 .text.HAL_RCC_GetPCLK1Freq
                0x00000000080048a0       0x44 Drivers/STM32F3xx_HAL_Driver/Src/stm32f3xx_hal_rcc.o
                0x00000000080048a0                HAL_RCC_GetPCLK1Freq
 .text.HAL_RCC_GetPCLK2Freq
                0x00000000080048e4       0x44 Drivers/STM32F3xx_HAL_Driver/Src/stm32f3xx_hal_rcc.o
                0x00000000080048e4                HAL_RCC_GetPCLK2Freq
 .text.HAL_RCCEx_PeriphCLKConfig
                0x0000000008004928      0x324 Drivers/STM32F3xx_HAL_Driver/Src/stm32f3xx_hal_rcc_ex.o
                0x0000000008004928                HAL_RCCEx_PeriphCLKConfig
 .text.HAL_RTC_Init
                0x0000000008004c4c      0x122 Drivers/STM32F3xx_HAL_Driver/Src/stm32f3xx_hal_rtc.o
                0x0000000008004c4c                HAL_RTC_Init
 .text.HAL_RTC_WaitForSynchro
                0x0000000008004d6e       0x50 Drivers/STM32F3xx_HAL_Driver/Src/stm32f3xx_hal_rtc.o
                0x0000000008004d6e                HAL_RTC_WaitForSynchro
 .text.RTC_EnterInitMode
                0x0000000008004dbe       0x58 Drivers/STM32F3xx_HAL_Driver/Src/stm32f3xx_hal_rtc.o
                0x0000000008004dbe                RTC_EnterInitMode
 .text.HAL_SPI_Init
                0x0000000008004e16      0x124 Drivers/STM32F3xx_HAL_Driver/Src/stm32f3xx_hal_spi.o
                0x0000000008004e16                HAL_SPI_Init
 .text.HAL_SPI_TransmitReceive
                0x0000000008004f3a      0x426 Drivers/STM32F3xx_HAL_Driver/Src/stm32f3xx_hal_spi.o
                0x0000000008004f3a                HAL_SPI_TransmitReceive
 .text.SPI_WaitFlagStateUntilTimeout
                0x0000000008005360       0xd4 Drivers/STM32F3xx_HAL_Driver/Src/stm32f3xx_hal_spi.o
 .text.SPI_WaitFifoStateUntilTimeout
                0x0000000008005434       0xda Drivers/STM32F3xx_HAL_Driver/Src/stm32f3xx_hal_spi.o
 .text.SPI_EndRxTxTransaction
                0x000000000800550e       0x8c Drivers/STM32F3xx_HAL_Driver/Src/stm32f3xx_hal_spi.o
 .text.HAL_UART_Init
                0x000000000800559a       0x9c Drivers/STM32F3xx_HAL_Driver/Src/stm32f3xx_hal_uart.o
                0x000000000800559a                HAL_UART_Init
 *fill*         0x0000000008005636        0x2 
 .text.UART_SetConfig
                0x0000000008005638      0x434 Drivers/STM32F3xx_HAL_Driver/Src/stm32f3xx_hal_uart.o
                0x0000000008005638                UART_SetConfig
 .text.UART_AdvFeatureConfig
                0x0000000008005a6c      0x144 Drivers/STM32F3xx_HAL_Driver/Src/stm32f3xx_hal_uart.o
                0x0000000008005a6c                UART_AdvFeatureConfig
 .text.UART_CheckIdleState
                0x0000000008005bb0       0x8a Drivers/STM32F3xx_HAL_Driver/Src/stm32f3xx_hal_uart.o
                0x0000000008005bb0                UART_CheckIdleState
 .text.UART_WaitOnFlagUntilTimeout
                0x0000000008005c3a       0xf6 Drivers/STM32F3xx_HAL_Driver/Src/stm32f3xx_hal_uart.o
                0x0000000008005c3a                UART_WaitOnFlagUntilTimeout
 .text.USB_EnableGlobalInt
                0x0000000008005d30       0x30 Drivers/STM32F3xx_HAL_Driver/Src/stm32f3xx_ll_usb.o
                0x0000000008005d30                USB_EnableGlobalInt
 .text.USB_DisableGlobalInt
                0x0000000008005d60       0x3a Drivers/STM32F3xx_HAL_Driver/Src/stm32f3xx_ll_usb.o
                0x0000000008005d60                USB_DisableGlobalInt
 .text.USB_DevInit
                0x0000000008005d9a       0x48 Drivers/STM32F3xx_HAL_Driver/Src/stm32f3xx_ll_usb.o
                0x0000000008005d9a                USB_DevInit
 *fill*         0x0000000008005de2        0x2 
 .text.USB_ActivateEndpoint
                0x0000000008005de4      0x5e8 Drivers/STM32F3xx_HAL_Driver/Src/stm32f3xx_ll_usb.o
                0x0000000008005de4                USB_ActivateEndpoint
 .text.USB_DeactivateEndpoint
                0x00000000080063cc      0x32c Drivers/STM32F3xx_HAL_Driver/Src/stm32f3xx_ll_usb.o
                0x00000000080063cc                USB_DeactivateEndpoint
 .text.USB_EPStartXfer
                0x00000000080066f8      0x5a4 Drivers/STM32F3xx_HAL_Driver/Src/stm32f3xx_ll_usb.o
                0x00000000080066f8                USB_EPStartXfer
 .text.USB_EPSetStall
                0x0000000008006c9c       0x84 Drivers/STM32F3xx_HAL_Driver/Src/stm32f3xx_ll_usb.o
                0x0000000008006c9c                USB_EPSetStall
 .text.USB_EPClearStall
                0x0000000008006d20      0x128 Drivers/STM32F3xx_HAL_Driver/Src/stm32f3xx_ll_usb.o
                0x0000000008006d20                USB_EPClearStall
 .text.USB_SetDevAddress
                0x0000000008006e48       0x28 Drivers/STM32F3xx_HAL_Driver/Src/stm32f3xx_ll_usb.o
                0x0000000008006e48                USB_SetDevAddress
 .text.USB_DevConnect
                0x0000000008006e70       0x16 Drivers/STM32F3xx_HAL_Driver/Src/stm32f3xx_ll_usb.o
                0x0000000008006e70                USB_DevConnect
 .text.USB_ReadInterrupts
                0x0000000008006e86       0x20 Drivers/STM32F3xx_HAL_Driver/Src/stm32f3xx_ll_usb.o
                0x0000000008006e86                USB_ReadInterrupts
 .text.USB_EP0_OutStart
                0x0000000008006ea6       0x18 Drivers/STM32F3xx_HAL_Driver/Src/stm32f3xx_ll_usb.o
                0x0000000008006ea6                USB_EP0_OutStart
 .text.USB_WritePMA
                0x0000000008006ebe       0x8a Drivers/STM32F3xx_HAL_Driver/Src/stm32f3xx_ll_usb.o
                0x0000000008006ebe                USB_WritePMA
 .text.USB_ReadPMA
                0x0000000008006f48       0xa0 Drivers/STM32F3xx_HAL_Driver/Src/stm32f3xx_ll_usb.o
                0x0000000008006f48                USB_ReadPMA
 .text.MX_FATFS_Init
                0x0000000008006fe8       0x24 FATFS/App/fatfs.o
                0x0000000008006fe8                MX_FATFS_Init
 .text.USER_initialize
                0x000000000800700c       0x28 FATFS/Target/user_diskio.o
                0x000000000800700c                USER_initialize
 .text.USER_status
                0x0000000008007034       0x28 FATFS/Target/user_diskio.o
                0x0000000008007034                USER_status
 .text.USER_read
                0x000000000800705c       0x1e FATFS/Target/user_diskio.o
                0x000000000800705c                USER_read
 .text.USER_write
                0x000000000800707a       0x1e FATFS/Target/user_diskio.o
                0x000000000800707a                USER_write
 .text.USER_ioctl
                0x0000000008007098       0x22 FATFS/Target/user_diskio.o
                0x0000000008007098                USER_ioctl
 .text.USBD_MSC_Init
                0x00000000080070ba       0x94 Middlewares/ST/STM32_USB_Device_Library/Class/MSC/Src/usbd_msc.o
                0x00000000080070ba                USBD_MSC_Init
 .text.USBD_MSC_DeInit
                0x000000000800714e       0x58 Middlewares/ST/STM32_USB_Device_Library/Class/MSC/Src/usbd_msc.o
                0x000000000800714e                USBD_MSC_DeInit
 *fill*         0x00000000080071a6        0x2 
 .text.USBD_MSC_Setup
                0x00000000080071a8      0x26c Middlewares/ST/STM32_USB_Device_Library/Class/MSC/Src/usbd_msc.o
                0x00000000080071a8                USBD_MSC_Setup
 .text.USBD_MSC_DataIn
                0x0000000008007414       0x20 Middlewares/ST/STM32_USB_Device_Library/Class/MSC/Src/usbd_msc.o
                0x0000000008007414                USBD_MSC_DataIn
 .text.USBD_MSC_DataOut
                0x0000000008007434       0x20 Middlewares/ST/STM32_USB_Device_Library/Class/MSC/Src/usbd_msc.o
                0x0000000008007434                USBD_MSC_DataOut
 .text.USBD_MSC_GetHSCfgDesc
                0x0000000008007454       0x20 Middlewares/ST/STM32_USB_Device_Library/Class/MSC/Src/usbd_msc.o
                0x0000000008007454                USBD_MSC_GetHSCfgDesc
 .text.USBD_MSC_GetFSCfgDesc
                0x0000000008007474       0x20 Middlewares/ST/STM32_USB_Device_Library/Class/MSC/Src/usbd_msc.o
                0x0000000008007474                USBD_MSC_GetFSCfgDesc
 .text.USBD_MSC_GetOtherSpeedCfgDesc
                0x0000000008007494       0x20 Middlewares/ST/STM32_USB_Device_Library/Class/MSC/Src/usbd_msc.o
                0x0000000008007494                USBD_MSC_GetOtherSpeedCfgDesc
 .text.USBD_MSC_GetDeviceQualifierDescriptor
                0x00000000080074b4       0x20 Middlewares/ST/STM32_USB_Device_Library/Class/MSC/Src/usbd_msc.o
                0x00000000080074b4                USBD_MSC_GetDeviceQualifierDescriptor
 .text.USBD_MSC_RegisterStorage
                0x00000000080074d4       0x26 Middlewares/ST/STM32_USB_Device_Library/Class/MSC/Src/usbd_msc.o
                0x00000000080074d4                USBD_MSC_RegisterStorage
 .text.MSC_BOT_Init
                0x00000000080074fa       0x60 Middlewares/ST/STM32_USB_Device_Library/Class/MSC/Src/usbd_msc_bot.o
                0x00000000080074fa                MSC_BOT_Init
 .text.MSC_BOT_Reset
                0x000000000800755a       0x34 Middlewares/ST/STM32_USB_Device_Library/Class/MSC/Src/usbd_msc_bot.o
                0x000000000800755a                MSC_BOT_Reset
 .text.MSC_BOT_DeInit
                0x000000000800758e       0x22 Middlewares/ST/STM32_USB_Device_Library/Class/MSC/Src/usbd_msc_bot.o
                0x000000000800758e                MSC_BOT_DeInit
 .text.MSC_BOT_DataIn
                0x00000000080075b0       0x62 Middlewares/ST/STM32_USB_Device_Library/Class/MSC/Src/usbd_msc_bot.o
                0x00000000080075b0                MSC_BOT_DataIn
 .text.MSC_BOT_DataOut
                0x0000000008007612       0x56 Middlewares/ST/STM32_USB_Device_Library/Class/MSC/Src/usbd_msc_bot.o
                0x0000000008007612                MSC_BOT_DataOut
 .text.MSC_BOT_CBW_Decode
                0x0000000008007668      0x10c Middlewares/ST/STM32_USB_Device_Library/Class/MSC/Src/usbd_msc_bot.o
 .text.MSC_BOT_SendData
                0x0000000008007774       0x62 Middlewares/ST/STM32_USB_Device_Library/Class/MSC/Src/usbd_msc_bot.o
 *fill*         0x00000000080077d6        0x2 
 .text.MSC_BOT_SendCSW
                0x00000000080077d8       0x58 Middlewares/ST/STM32_USB_Device_Library/Class/MSC/Src/usbd_msc_bot.o
                0x00000000080077d8                MSC_BOT_SendCSW
 .text.MSC_BOT_Abort
                0x0000000008007830       0x5c Middlewares/ST/STM32_USB_Device_Library/Class/MSC/Src/usbd_msc_bot.o
 .text.MSC_BOT_CplClrFeature
                0x000000000800788c       0x4e Middlewares/ST/STM32_USB_Device_Library/Class/MSC/Src/usbd_msc_bot.o
                0x000000000800788c                MSC_BOT_CplClrFeature
 *fill*         0x00000000080078da        0x2 
 .text.SCSI_ProcessCmd
                0x00000000080078dc      0x250 Middlewares/ST/STM32_USB_Device_Library/Class/MSC/Src/usbd_msc_scsi.o
                0x00000000080078dc                SCSI_ProcessCmd
 .text.SCSI_TestUnitReady
                0x0000000008007b2c       0x72 Middlewares/ST/STM32_USB_Device_Library/Class/MSC/Src/usbd_msc_scsi.o
 *fill*         0x0000000008007b9e        0x2 
 .text.SCSI_Inquiry
                0x0000000008007ba0       0xc0 Middlewares/ST/STM32_USB_Device_Library/Class/MSC/Src/usbd_msc_scsi.o
 .text.SCSI_ReadCapacity10
                0x0000000008007c60       0xce Middlewares/ST/STM32_USB_Device_Library/Class/MSC/Src/usbd_msc_scsi.o
 .text.SCSI_ReadFormatCapacity
                0x0000000008007d2e       0xc8 Middlewares/ST/STM32_USB_Device_Library/Class/MSC/Src/usbd_msc_scsi.o
 *fill*         0x0000000008007df6        0x2 
 .text.SCSI_ModeSense6
                0x0000000008007df8       0x50 Middlewares/ST/STM32_USB_Device_Library/Class/MSC/Src/usbd_msc_scsi.o
 .text.SCSI_ModeSense10
                0x0000000008007e48       0x50 Middlewares/ST/STM32_USB_Device_Library/Class/MSC/Src/usbd_msc_scsi.o
 .text.SCSI_RequestSense
                0x0000000008007e98       0xd6 Middlewares/ST/STM32_USB_Device_Library/Class/MSC/Src/usbd_msc_scsi.o
 .text.SCSI_SenseCode
                0x0000000008007f6e       0x74 Middlewares/ST/STM32_USB_Device_Library/Class/MSC/Src/usbd_msc_scsi.o
                0x0000000008007f6e                SCSI_SenseCode
 .text.SCSI_StartStopUnit
                0x0000000008007fe2       0x2a Middlewares/ST/STM32_USB_Device_Library/Class/MSC/Src/usbd_msc_scsi.o
 .text.SCSI_Read10
                0x000000000800800c      0x118 Middlewares/ST/STM32_USB_Device_Library/Class/MSC/Src/usbd_msc_scsi.o
 .text.SCSI_Write10
                0x0000000008008124      0x160 Middlewares/ST/STM32_USB_Device_Library/Class/MSC/Src/usbd_msc_scsi.o
 .text.SCSI_Verify10
                0x0000000008008284       0x66 Middlewares/ST/STM32_USB_Device_Library/Class/MSC/Src/usbd_msc_scsi.o
 .text.SCSI_CheckAddressRange
                0x00000000080082ea       0x44 Middlewares/ST/STM32_USB_Device_Library/Class/MSC/Src/usbd_msc_scsi.o
 .text.SCSI_ProcessRead
                0x000000000800832e       0xe8 Middlewares/ST/STM32_USB_Device_Library/Class/MSC/Src/usbd_msc_scsi.o
 .text.SCSI_ProcessWrite
                0x0000000008008416      0x108 Middlewares/ST/STM32_USB_Device_Library/Class/MSC/Src/usbd_msc_scsi.o
 .text.USBD_Init
                0x000000000800851e       0x56 Middlewares/ST/STM32_USB_Device_Library/Core/Src/usbd_core.o
                0x000000000800851e                USBD_Init
 .text.USBD_RegisterClass
                0x0000000008008574       0x34 Middlewares/ST/STM32_USB_Device_Library/Core/Src/usbd_core.o
                0x0000000008008574                USBD_RegisterClass
 .text.USBD_Start
                0x00000000080085a8       0x18 Middlewares/ST/STM32_USB_Device_Library/Core/Src/usbd_core.o
                0x00000000080085a8                USBD_Start
 .text.USBD_RunTestMode
                0x00000000080085c0       0x16 Middlewares/ST/STM32_USB_Device_Library/Core/Src/usbd_core.o
                0x00000000080085c0                USBD_RunTestMode
 .text.USBD_SetClassConfig
                0x00000000080085d6       0x3e Middlewares/ST/STM32_USB_Device_Library/Core/Src/usbd_core.o
                0x00000000080085d6                USBD_SetClassConfig
 .text.USBD_ClrClassConfig
                0x0000000008008614       0x26 Middlewares/ST/STM32_USB_Device_Library/Core/Src/usbd_core.o
                0x0000000008008614                USBD_ClrClassConfig
 .text.USBD_LL_SetupStage
                0x000000000800863a       0x96 Middlewares/ST/STM32_USB_Device_Library/Core/Src/usbd_core.o
                0x000000000800863a                USBD_LL_SetupStage
 .text.USBD_LL_DataOutStage
                0x00000000080086d0       0xe2 Middlewares/ST/STM32_USB_Device_Library/Core/Src/usbd_core.o
                0x00000000080086d0                USBD_LL_DataOutStage
 .text.USBD_LL_DataInStage
                0x00000000080087b2      0x14a Middlewares/ST/STM32_USB_Device_Library/Core/Src/usbd_core.o
                0x00000000080087b2                USBD_LL_DataInStage
 .text.USBD_LL_Reset
                0x00000000080088fc       0x82 Middlewares/ST/STM32_USB_Device_Library/Core/Src/usbd_core.o
                0x00000000080088fc                USBD_LL_Reset
 .text.USBD_LL_SetSpeed
                0x000000000800897e       0x20 Middlewares/ST/STM32_USB_Device_Library/Core/Src/usbd_core.o
                0x000000000800897e                USBD_LL_SetSpeed
 .text.USBD_LL_Suspend
                0x000000000800899e       0x2a Middlewares/ST/STM32_USB_Device_Library/Core/Src/usbd_core.o
                0x000000000800899e                USBD_LL_Suspend
 .text.USBD_LL_Resume
                0x00000000080089c8       0x2c Middlewares/ST/STM32_USB_Device_Library/Core/Src/usbd_core.o
                0x00000000080089c8                USBD_LL_Resume
 .text.USBD_LL_SOF
                0x00000000080089f4       0x34 Middlewares/ST/STM32_USB_Device_Library/Core/Src/usbd_core.o
                0x00000000080089f4                USBD_LL_SOF
 .text.USBD_StdDevReq
                0x0000000008008a28       0xd4 Middlewares/ST/STM32_USB_Device_Library/Core/Src/usbd_ctlreq.o
                0x0000000008008a28                USBD_StdDevReq
 .text.USBD_StdItfReq
                0x0000000008008afc       0x8c Middlewares/ST/STM32_USB_Device_Library/Core/Src/usbd_ctlreq.o
                0x0000000008008afc                USBD_StdItfReq
 .text.USBD_StdEPReq
                0x0000000008008b88      0x2ba Middlewares/ST/STM32_USB_Device_Library/Core/Src/usbd_ctlreq.o
                0x0000000008008b88                USBD_StdEPReq
 *fill*         0x0000000008008e42        0x2 
 .text.USBD_GetDescriptor
                0x0000000008008e44      0x2d0 Middlewares/ST/STM32_USB_Device_Library/Core/Src/usbd_ctlreq.o
 .text.USBD_SetAddress
                0x0000000008009114       0x84 Middlewares/ST/STM32_USB_Device_Library/Core/Src/usbd_ctlreq.o
 .text.USBD_SetConfig
                0x0000000008009198      0x11c Middlewares/ST/STM32_USB_Device_Library/Core/Src/usbd_ctlreq.o
 .text.USBD_GetConfig
                0x00000000080092b4       0x68 Middlewares/ST/STM32_USB_Device_Library/Core/Src/usbd_ctlreq.o
 .text.USBD_GetStatus
                0x000000000800931c       0x66 Middlewares/ST/STM32_USB_Device_Library/Core/Src/usbd_ctlreq.o
 .text.USBD_SetFeature
                0x0000000008009382       0x28 Middlewares/ST/STM32_USB_Device_Library/Core/Src/usbd_ctlreq.o
 .text.USBD_ClrFeature
                0x00000000080093aa       0x42 Middlewares/ST/STM32_USB_Device_Library/Core/Src/usbd_ctlreq.o
 .text.USBD_ParseSetupRequest
                0x00000000080093ec       0x7a Middlewares/ST/STM32_USB_Device_Library/Core/Src/usbd_ctlreq.o
                0x00000000080093ec                USBD_ParseSetupRequest
 .text.USBD_CtlError
                0x0000000008009466       0x22 Middlewares/ST/STM32_USB_Device_Library/Core/Src/usbd_ctlreq.o
                0x0000000008009466                USBD_CtlError
 .text.USBD_GetString
                0x0000000008009488       0x84 Middlewares/ST/STM32_USB_Device_Library/Core/Src/usbd_ctlreq.o
                0x0000000008009488                USBD_GetString
 .text.USBD_GetLen
                0x000000000800950c       0x30 Middlewares/ST/STM32_USB_Device_Library/Core/Src/usbd_ctlreq.o
 .text.USBD_CtlSendData
                0x000000000800953c       0x38 Middlewares/ST/STM32_USB_Device_Library/Core/Src/usbd_ioreq.o
                0x000000000800953c                USBD_CtlSendData
 .text.USBD_CtlContinueSendData
                0x0000000008009574       0x24 Middlewares/ST/STM32_USB_Device_Library/Core/Src/usbd_ioreq.o
                0x0000000008009574                USBD_CtlContinueSendData
 .text.USBD_CtlContinueRx
                0x0000000008009598       0x24 Middlewares/ST/STM32_USB_Device_Library/Core/Src/usbd_ioreq.o
                0x0000000008009598                USBD_CtlContinueRx
 .text.USBD_CtlSendStatus
                0x00000000080095bc       0x26 Middlewares/ST/STM32_USB_Device_Library/Core/Src/usbd_ioreq.o
                0x00000000080095bc                USBD_CtlSendStatus
 .text.USBD_CtlReceiveStatus
                0x00000000080095e2       0x26 Middlewares/ST/STM32_USB_Device_Library/Core/Src/usbd_ioreq.o
                0x00000000080095e2                USBD_CtlReceiveStatus
 .text.FATFS_LinkDriverEx
                0x0000000008009608       0x98 Middlewares/Third_Party/FatFs/src/ff_gen_drv.o
                0x0000000008009608                FATFS_LinkDriverEx
 .text.FATFS_LinkDriver
                0x00000000080096a0       0x1e Middlewares/Third_Party/FatFs/src/ff_gen_drv.o
                0x00000000080096a0                FATFS_LinkDriver
 *fill*         0x00000000080096be        0x2 
 .text.MX_USB_DEVICE_Init
                0x00000000080096c0       0x60 USB_DEVICE/App/usb_device.o
                0x00000000080096c0                MX_USB_DEVICE_Init
 .text.USBD_FS_DeviceDescriptor
                0x0000000008009720       0x24 USB_DEVICE/App/usbd_desc.o
                0x0000000008009720                USBD_FS_DeviceDescriptor
 .text.USBD_FS_LangIDStrDescriptor
                0x0000000008009744       0x24 USB_DEVICE/App/usbd_desc.o
                0x0000000008009744                USBD_FS_LangIDStrDescriptor
 .text.USBD_FS_ProductStrDescriptor
                0x0000000008009768       0x3c USB_DEVICE/App/usbd_desc.o
                0x0000000008009768                USBD_FS_ProductStrDescriptor
 .text.USBD_FS_ManufacturerStrDescriptor
                0x00000000080097a4       0x28 USB_DEVICE/App/usbd_desc.o
                0x00000000080097a4                USBD_FS_ManufacturerStrDescriptor
 .text.USBD_FS_SerialStrDescriptor
                0x00000000080097cc       0x24 USB_DEVICE/App/usbd_desc.o
                0x00000000080097cc                USBD_FS_SerialStrDescriptor
 .text.USBD_FS_ConfigStrDescriptor
                0x00000000080097f0       0x3c USB_DEVICE/App/usbd_desc.o
                0x00000000080097f0                USBD_FS_ConfigStrDescriptor
 .text.USBD_FS_InterfaceStrDescriptor
                0x000000000800982c       0x3c USB_DEVICE/App/usbd_desc.o
                0x000000000800982c                USBD_FS_InterfaceStrDescriptor
 .text.Get_SerialNum
                0x0000000008009868       0x58 USB_DEVICE/App/usbd_desc.o
 .text.IntToUnicode
                0x00000000080098c0       0x7c USB_DEVICE/App/usbd_desc.o
 .text.STORAGE_Init_FS
                0x000000000800993c       0x18 USB_DEVICE/App/usbd_storage_if.o
 .text.STORAGE_GetCapacity_FS
                0x0000000008009954       0x2c USB_DEVICE/App/usbd_storage_if.o
 .text.STORAGE_IsReady_FS
                0x0000000008009980       0x18 USB_DEVICE/App/usbd_storage_if.o
 .text.STORAGE_IsWriteProtected_FS
                0x0000000008009998       0x18 USB_DEVICE/App/usbd_storage_if.o
 .text.STORAGE_Read_FS
                0x00000000080099b0       0x22 USB_DEVICE/App/usbd_storage_if.o
 .text.STORAGE_Write_FS
                0x00000000080099d2       0x22 USB_DEVICE/App/usbd_storage_if.o
 .text.STORAGE_GetMaxLun_FS
                0x00000000080099f4       0x10 USB_DEVICE/App/usbd_storage_if.o
 .text.HAL_PCD_MspInit
                0x0000000008009a04       0xa8 USB_DEVICE/Target/usbd_conf.o
                0x0000000008009a04                HAL_PCD_MspInit
 .text.HAL_PCD_SetupStageCallback
                0x0000000008009aac       0x24 USB_DEVICE/Target/usbd_conf.o
                0x0000000008009aac                HAL_PCD_SetupStageCallback
 .text.HAL_PCD_DataOutStageCallback
                0x0000000008009ad0       0x30 USB_DEVICE/Target/usbd_conf.o
                0x0000000008009ad0                HAL_PCD_DataOutStageCallback
 .text.HAL_PCD_DataInStageCallback
                0x0000000008009b00       0x2e USB_DEVICE/Target/usbd_conf.o
                0x0000000008009b00                HAL_PCD_DataInStageCallback
 .text.HAL_PCD_SOFCallback
                0x0000000008009b2e       0x1c USB_DEVICE/Target/usbd_conf.o
                0x0000000008009b2e                HAL_PCD_SOFCallback
 .text.HAL_PCD_ResetCallback
                0x0000000008009b4a       0x3c USB_DEVICE/Target/usbd_conf.o
                0x0000000008009b4a                HAL_PCD_ResetCallback
 *fill*         0x0000000008009b86        0x2 
 .text.HAL_PCD_SuspendCallback
                0x0000000008009b88       0x34 USB_DEVICE/Target/usbd_conf.o
                0x0000000008009b88                HAL_PCD_SuspendCallback
 .text.HAL_PCD_ResumeCallback
                0x0000000008009bbc       0x1c USB_DEVICE/Target/usbd_conf.o
                0x0000000008009bbc                HAL_PCD_ResumeCallback
 .text.USBD_LL_Init
                0x0000000008009bd8       0xa0 USB_DEVICE/Target/usbd_conf.o
                0x0000000008009bd8                USBD_LL_Init
 .text.USBD_LL_Start
                0x0000000008009c78       0x36 USB_DEVICE/Target/usbd_conf.o
                0x0000000008009c78                USBD_LL_Start
 .text.USBD_LL_OpenEP
                0x0000000008009cae       0x4c USB_DEVICE/Target/usbd_conf.o
                0x0000000008009cae                USBD_LL_OpenEP
 .text.USBD_LL_CloseEP
                0x0000000008009cfa       0x3e USB_DEVICE/Target/usbd_conf.o
                0x0000000008009cfa                USBD_LL_CloseEP
 .text.USBD_LL_FlushEP
                0x0000000008009d38       0x3e USB_DEVICE/Target/usbd_conf.o
                0x0000000008009d38                USBD_LL_FlushEP
 .text.USBD_LL_StallEP
                0x0000000008009d76       0x3e USB_DEVICE/Target/usbd_conf.o
                0x0000000008009d76                USBD_LL_StallEP
 .text.USBD_LL_ClearStallEP
                0x0000000008009db4       0x3e USB_DEVICE/Target/usbd_conf.o
                0x0000000008009db4                USBD_LL_ClearStallEP
 .text.USBD_LL_IsStallEP
                0x0000000008009df2       0x4c USB_DEVICE/Target/usbd_conf.o
                0x0000000008009df2                USBD_LL_IsStallEP
 .text.USBD_LL_SetUSBAddress
                0x0000000008009e3e       0x3e USB_DEVICE/Target/usbd_conf.o
                0x0000000008009e3e                USBD_LL_SetUSBAddress
 .text.USBD_LL_Transmit
                0x0000000008009e7c       0x46 USB_DEVICE/Target/usbd_conf.o
                0x0000000008009e7c                USBD_LL_Transmit
 .text.USBD_LL_PrepareReceive
                0x0000000008009ec2       0x46 USB_DEVICE/Target/usbd_conf.o
                0x0000000008009ec2                USBD_LL_PrepareReceive
 .text.USBD_LL_GetRxDataSize
                0x0000000008009f08       0x26 USB_DEVICE/Target/usbd_conf.o
                0x0000000008009f08                USBD_LL_GetRxDataSize
 *fill*         0x0000000008009f2e        0x2 
 .text.USBD_static_malloc
                0x0000000008009f30       0x1c USB_DEVICE/Target/usbd_conf.o
                0x0000000008009f30                USBD_static_malloc
 .text.USBD_static_free
                0x0000000008009f4c       0x14 USB_DEVICE/Target/usbd_conf.o
                0x0000000008009f4c                USBD_static_free
 .text.HAL_PCDEx_SetConnectionState
                0x0000000008009f60       0x18 USB_DEVICE/Target/usbd_conf.o
                0x0000000008009f60                HAL_PCDEx_SetConnectionState
 .text.USBD_Get_USB_Status
                0x0000000008009f78       0x58 USB_DEVICE/Target/usbd_conf.o
 .text.__libc_init_array
                0x0000000008009fd0       0x48 c:/st/stm32cubeide_1.4.0/stm32cubeide/plugins/com.st.stm32cube.ide.mcu.externaltools.gnu-tools-for-stm32.7-2018-q2-update.win32_1.4.0.202007081208/tools/bin/../lib/gcc/arm-none-eabi/7.3.1/../../../../arm-none-eabi/lib/thumb/v7e-m/fpv4-sp/hard\libc_nano.a(lib_a-init.o)
                0x0000000008009fd0                __libc_init_array
 .text.memset   0x000000000800a018       0x10 c:/st/stm32cubeide_1.4.0/stm32cubeide/plugins/com.st.stm32cube.ide.mcu.externaltools.gnu-tools-for-stm32.7-2018-q2-update.win32_1.4.0.202007081208/tools/bin/../lib/gcc/arm-none-eabi/7.3.1/../../../../arm-none-eabi/lib/thumb/v7e-m/fpv4-sp/hard\libc_nano.a(lib_a-memset.o)
                0x000000000800a018                memset
 *(.glue_7)
 .glue_7        0x000000000800a028        0x0 linker stubs
 *(.glue_7t)
 .glue_7t       0x000000000800a028        0x0 linker stubs
 *(.eh_frame)
 .eh_frame      0x000000000800a028        0x0 c:/st/stm32cubeide_1.4.0/stm32cubeide/plugins/com.st.stm32cube.ide.mcu.externaltools.gnu-tools-for-stm32.7-2018-q2-update.win32_1.4.0.202007081208/tools/bin/../lib/gcc/arm-none-eabi/7.3.1/thumb/v7e-m/fpv4-sp/hard/crtbegin.o
 *(.init)
 .init          0x000000000800a028        0x4 c:/st/stm32cubeide_1.4.0/stm32cubeide/plugins/com.st.stm32cube.ide.mcu.externaltools.gnu-tools-for-stm32.7-2018-q2-update.win32_1.4.0.202007081208/tools/bin/../lib/gcc/arm-none-eabi/7.3.1/thumb/v7e-m/fpv4-sp/hard/crti.o
                0x000000000800a028                _init
 .init          0x000000000800a02c        0x8 c:/st/stm32cubeide_1.4.0/stm32cubeide/plugins/com.st.stm32cube.ide.mcu.externaltools.gnu-tools-for-stm32.7-2018-q2-update.win32_1.4.0.202007081208/tools/bin/../lib/gcc/arm-none-eabi/7.3.1/thumb/v7e-m/fpv4-sp/hard/crtn.o
 *(.fini)
 .fini          0x000000000800a034        0x4 c:/st/stm32cubeide_1.4.0/stm32cubeide/plugins/com.st.stm32cube.ide.mcu.externaltools.gnu-tools-for-stm32.7-2018-q2-update.win32_1.4.0.202007081208/tools/bin/../lib/gcc/arm-none-eabi/7.3.1/thumb/v7e-m/fpv4-sp/hard/crti.o
                0x000000000800a034                _fini
 .fini          0x000000000800a038        0x8 c:/st/stm32cubeide_1.4.0/stm32cubeide/plugins/com.st.stm32cube.ide.mcu.externaltools.gnu-tools-for-stm32.7-2018-q2-update.win32_1.4.0.202007081208/tools/bin/../lib/gcc/arm-none-eabi/7.3.1/thumb/v7e-m/fpv4-sp/hard/crtn.o
                0x000000000800a040                . = ALIGN (0x4)
                0x000000000800a040                _etext = .

.vfp11_veneer   0x000000000800a040        0x0
 .vfp11_veneer  0x000000000800a040        0x0 linker stubs

.v4_bx          0x000000000800a040        0x0
 .v4_bx         0x000000000800a040        0x0 linker stubs

.iplt           0x000000000800a040        0x0
 .iplt          0x000000000800a040        0x0 c:/st/stm32cubeide_1.4.0/stm32cubeide/plugins/com.st.stm32cube.ide.mcu.externaltools.gnu-tools-for-stm32.7-2018-q2-update.win32_1.4.0.202007081208/tools/bin/../lib/gcc/arm-none-eabi/7.3.1/thumb/v7e-m/fpv4-sp/hard/crtbegin.o

.rodata         0x000000000800a040       0xb8
                0x000000000800a040                . = ALIGN (0x4)
 *(.rodata)
 .rodata        0x000000000800a040       0x42 USB_DEVICE/App/usbd_desc.o
 *(.rodata*)
 *fill*         0x000000000800a082        0x2 
 .rodata.AHBPrescTable
                0x000000000800a084       0x10 Core/Src/system_stm32f3xx.o
                0x000000000800a084                AHBPrescTable
 .rodata.APBPrescTable
                0x000000000800a094        0x8 Core/Src/system_stm32f3xx.o
                0x000000000800a094                APBPrescTable
 .rodata.aPLLMULFactorTable
                0x000000000800a09c       0x10 Drivers/STM32F3xx_HAL_Driver/Src/stm32f3xx_hal_rcc.o
                0x000000000800a09c                aPLLMULFactorTable
 .rodata.aPredivFactorTable
                0x000000000800a0ac       0x10 Drivers/STM32F3xx_HAL_Driver/Src/stm32f3xx_hal_rcc.o
                0x000000000800a0ac                aPredivFactorTable
 .rodata.MSC_Page00_Inquiry_Data
                0x000000000800a0bc        0x7 Middlewares/ST/STM32_USB_Device_Library/Class/MSC/Src/usbd_msc_data.o
                0x000000000800a0bc                MSC_Page00_Inquiry_Data
 *fill*         0x000000000800a0c3        0x1 
 .rodata.MSC_Mode_Sense6_data
                0x000000000800a0c4        0x8 Middlewares/ST/STM32_USB_Device_Library/Class/MSC/Src/usbd_msc_data.o
                0x000000000800a0c4                MSC_Mode_Sense6_data
 .rodata.MSC_Mode_Sense10_data
                0x000000000800a0cc        0x8 Middlewares/ST/STM32_USB_Device_Library/Class/MSC/Src/usbd_msc_data.o
                0x000000000800a0cc                MSC_Mode_Sense10_data
 .rodata.STORAGE_Inquirydata_FS
                0x000000000800a0d4       0x24 USB_DEVICE/App/usbd_storage_if.o
                0x000000000800a0d4                STORAGE_Inquirydata_FS
                0x000000000800a0f8                . = ALIGN (0x4)

.rel.dyn        0x000000000800a0f8        0x0
 .rel.iplt      0x000000000800a0f8        0x0 c:/st/stm32cubeide_1.4.0/stm32cubeide/plugins/com.st.stm32cube.ide.mcu.externaltools.gnu-tools-for-stm32.7-2018-q2-update.win32_1.4.0.202007081208/tools/bin/../lib/gcc/arm-none-eabi/7.3.1/thumb/v7e-m/fpv4-sp/hard/crtbegin.o

.ARM.extab      0x000000000800a0f8        0x0
                0x000000000800a0f8                . = ALIGN (0x4)
 *(.ARM.extab* .gnu.linkonce.armextab.*)
                0x000000000800a0f8                . = ALIGN (0x4)

.ARM            0x000000000800a0f8        0x0
                0x000000000800a0f8                . = ALIGN (0x4)
                0x000000000800a0f8                __exidx_start = .
 *(.ARM.exidx*)
                0x000000000800a0f8                __exidx_end = .
                0x000000000800a0f8                . = ALIGN (0x4)

.preinit_array  0x000000000800a0f8        0x0
                0x000000000800a0f8                . = ALIGN (0x4)
                0x000000000800a0f8                PROVIDE (__preinit_array_start = .)
 *(.preinit_array*)
                0x000000000800a0f8                PROVIDE (__preinit_array_end = .)
                0x000000000800a0f8                . = ALIGN (0x4)

.init_array     0x000000000800a0f8        0x4
                0x000000000800a0f8                . = ALIGN (0x4)
                0x000000000800a0f8                PROVIDE (__init_array_start = .)
 *(SORT_BY_NAME(.init_array.*))
 *(.init_array*)
 .init_array    0x000000000800a0f8        0x4 c:/st/stm32cubeide_1.4.0/stm32cubeide/plugins/com.st.stm32cube.ide.mcu.externaltools.gnu-tools-for-stm32.7-2018-q2-update.win32_1.4.0.202007081208/tools/bin/../lib/gcc/arm-none-eabi/7.3.1/thumb/v7e-m/fpv4-sp/hard/crtbegin.o
                0x000000000800a0fc                PROVIDE (__init_array_end = .)
                0x000000000800a0fc                . = ALIGN (0x4)

.fini_array     0x000000000800a0fc        0x4
                0x000000000800a0fc                . = ALIGN (0x4)
                [!provide]                        PROVIDE (__fini_array_start = .)
 *(SORT_BY_NAME(.fini_array.*))
 *(.fini_array*)
 .fini_array    0x000000000800a0fc        0x4 c:/st/stm32cubeide_1.4.0/stm32cubeide/plugins/com.st.stm32cube.ide.mcu.externaltools.gnu-tools-for-stm32.7-2018-q2-update.win32_1.4.0.202007081208/tools/bin/../lib/gcc/arm-none-eabi/7.3.1/thumb/v7e-m/fpv4-sp/hard/crtbegin.o
                [!provide]                        PROVIDE (__fini_array_end = .)
                0x000000000800a100                . = ALIGN (0x4)
                0x000000000800a100                _sidata = LOADADDR (.data)

.data           0x0000000020000000      0x134 load address 0x000000000800a100
                0x0000000020000000                . = ALIGN (0x4)
                0x0000000020000000                _sdata = .
 *(.data)
 *(.data*)
 .data.SystemCoreClock
                0x0000000020000000        0x4 Core/Src/system_stm32f3xx.o
                0x0000000020000000                SystemCoreClock
 .data.uwTickPrio
                0x0000000020000004        0x4 Drivers/STM32F3xx_HAL_Driver/Src/stm32f3xx_hal.o
                0x0000000020000004                uwTickPrio
 .data.uwTickFreq
                0x0000000020000008        0x1 Drivers/STM32F3xx_HAL_Driver/Src/stm32f3xx_hal.o
                0x0000000020000008                uwTickFreq
 .data.Stat     0x0000000020000009        0x1 FATFS/Target/user_diskio.o
 *fill*         0x000000002000000a        0x2 
 .data.USER_Driver
                0x000000002000000c       0x14 FATFS/Target/user_diskio.o
                0x000000002000000c                USER_Driver
 .data.USBD_MSC
                0x0000000020000020       0x38 Middlewares/ST/STM32_USB_Device_Library/Class/MSC/Src/usbd_msc.o
                0x0000000020000020                USBD_MSC
 .data.USBD_MSC_CfgHSDesc
                0x0000000020000058       0x20 Middlewares/ST/STM32_USB_Device_Library/Class/MSC/Src/usbd_msc.o
                0x0000000020000058                USBD_MSC_CfgHSDesc
 .data.USBD_MSC_CfgFSDesc
                0x0000000020000078       0x20 Middlewares/ST/STM32_USB_Device_Library/Class/MSC/Src/usbd_msc.o
                0x0000000020000078                USBD_MSC_CfgFSDesc
 .data.USBD_MSC_OtherSpeedCfgDesc
                0x0000000020000098       0x20 Middlewares/ST/STM32_USB_Device_Library/Class/MSC/Src/usbd_msc.o
                0x0000000020000098                USBD_MSC_OtherSpeedCfgDesc
 .data.USBD_MSC_DeviceQualifierDesc
                0x00000000200000b8        0xa Middlewares/ST/STM32_USB_Device_Library/Class/MSC/Src/usbd_msc.o
                0x00000000200000b8                USBD_MSC_DeviceQualifierDesc
 *fill*         0x00000000200000c2        0x2 
 .data.FS_Desc  0x00000000200000c4       0x1c USB_DEVICE/App/usbd_desc.o
                0x00000000200000c4                FS_Desc
 .data.USBD_FS_DeviceDesc
                0x00000000200000e0       0x12 USB_DEVICE/App/usbd_desc.o
                0x00000000200000e0                USBD_FS_DeviceDesc
 *fill*         0x00000000200000f2        0x2 
 .data.USBD_LangIDDesc
                0x00000000200000f4        0x4 USB_DEVICE/App/usbd_desc.o
                0x00000000200000f4                USBD_LangIDDesc
 .data.USBD_StringSerial
                0x00000000200000f8       0x1a USB_DEVICE/App/usbd_desc.o
                0x00000000200000f8                USBD_StringSerial
 *fill*         0x0000000020000112        0x2 
 .data.USBD_Storage_Interface_fops_FS
                0x0000000020000114       0x20 USB_DEVICE/App/usbd_storage_if.o
                0x0000000020000114                USBD_Storage_Interface_fops_FS
                0x0000000020000134                . = ALIGN (0x4)
                0x0000000020000134                _edata = .

.igot.plt       0x0000000020000134        0x0 load address 0x000000000800a234
 .igot.plt      0x0000000020000134        0x0 c:/st/stm32cubeide_1.4.0/stm32cubeide/plugins/com.st.stm32cube.ide.mcu.externaltools.gnu-tools-for-stm32.7-2018-q2-update.win32_1.4.0.202007081208/tools/bin/../lib/gcc/arm-none-eabi/7.3.1/thumb/v7e-m/fpv4-sp/hard/crtbegin.o
                0x0000000020000134                . = ALIGN (0x4)

.bss            0x0000000020000134     0x10b4 load address 0x000000000800a234
                0x0000000020000134                _sbss = .
                0x0000000020000134                __bss_start__ = _sbss
 *(.bss)
 .bss           0x0000000020000134       0x1c c:/st/stm32cubeide_1.4.0/stm32cubeide/plugins/com.st.stm32cube.ide.mcu.externaltools.gnu-tools-for-stm32.7-2018-q2-update.win32_1.4.0.202007081208/tools/bin/../lib/gcc/arm-none-eabi/7.3.1/thumb/v7e-m/fpv4-sp/hard/crtbegin.o
 *(.bss*)
 .bss.HAL_RCC_ADC12_CLK_ENABLED
                0x0000000020000150        0x4 Core/Src/adc.o
 .bss.cfgidx.10508
                0x0000000020000154        0x1 Middlewares/ST/STM32_USB_Device_Library/Core/Src/usbd_ctlreq.o
 *fill*         0x0000000020000155        0x3 
 .bss.disk      0x0000000020000158        0xc Middlewares/Third_Party/FatFs/src/ff_gen_drv.o
                0x0000000020000158                disk
 .bss.mem.10642
                0x0000000020000164      0x270 USB_DEVICE/Target/usbd_conf.o
 *(COMMON)
 COMMON         0x00000000200003d4       0xa0 Core/Src/adc.o
                0x00000000200003d4                hadc2
                0x0000000020000424                hadc1
 COMMON         0x0000000020000474       0x28 Core/Src/can.o
                0x0000000020000474                hcan
 COMMON         0x000000002000049c       0x4c Core/Src/i2c.o
                0x000000002000049c                hi2c1
 COMMON         0x00000000200004e8       0x20 Core/Src/rtc.o
                0x00000000200004e8                hrtc
 COMMON         0x0000000020000508       0xc8 Core/Src/spi.o
                0x0000000020000508                hspi2
                0x000000002000056c                hspi3
 COMMON         0x00000000200005d0       0x80 Core/Src/usart.o
                0x00000000200005d0                huart2
 COMMON         0x0000000020000650        0x4 Drivers/STM32F3xx_HAL_Driver/Src/stm32f3xx_hal.o
                0x0000000020000650                uwTick
 COMMON         0x0000000020000654      0x464 FATFS/App/fatfs.o
                0x0000000020000654                USERPath
                0x0000000020000658                retUSER
                0x000000002000065c                USERFile
                0x0000000020000888                USERFatFS
 COMMON         0x0000000020000ab8      0x2c4 USB_DEVICE/App/usb_device.o
                0x0000000020000ab8                hUsbDeviceFS
 COMMON         0x0000000020000d7c      0x200 USB_DEVICE/App/usbd_desc.o
                0x0000000020000d7c                USBD_StrDesc
 COMMON         0x0000000020000f7c      0x26c USB_DEVICE/Target/usbd_conf.o
                0x0000000020000f7c                hpcd_USB_FS
                0x00000000200011e8                . = ALIGN (0x4)
                0x00000000200011e8                _ebss = .
                0x00000000200011e8                __bss_end__ = _ebss

._user_heap_stack
                0x00000000200011e8      0x600 load address 0x000000000800a234
                0x00000000200011e8                . = ALIGN (0x8)
                [!provide]                        PROVIDE (end = .)
                0x00000000200011e8                PROVIDE (_end = .)
                0x00000000200013e8                . = (. + _Min_Heap_Size)
 *fill*         0x00000000200011e8      0x200 
                0x00000000200017e8                . = (. + _Min_Stack_Size)
 *fill*         0x00000000200013e8      0x400 
                0x00000000200017e8                . = ALIGN (0x8)

/DISCARD/
 libc.a(*)
 libm.a(*)
 libgcc.a(*)

.ARM.attributes
                0x0000000000000000       0x30
 *(.ARM.attributes)
 .ARM.attributes
                0x0000000000000000       0x22 c:/st/stm32cubeide_1.4.0/stm32cubeide/plugins/com.st.stm32cube.ide.mcu.externaltools.gnu-tools-for-stm32.7-2018-q2-update.win32_1.4.0.202007081208/tools/bin/../lib/gcc/arm-none-eabi/7.3.1/thumb/v7e-m/fpv4-sp/hard/crti.o
 .ARM.attributes
                0x0000000000000022       0x34 c:/st/stm32cubeide_1.4.0/stm32cubeide/plugins/com.st.stm32cube.ide.mcu.externaltools.gnu-tools-for-stm32.7-2018-q2-update.win32_1.4.0.202007081208/tools/bin/../lib/gcc/arm-none-eabi/7.3.1/thumb/v7e-m/fpv4-sp/hard/crtbegin.o
 .ARM.attributes
                0x0000000000000056       0x39 Core/Src/adc.o
 .ARM.attributes
                0x000000000000008f       0x39 Core/Src/bts7xx.o
 .ARM.attributes
                0x00000000000000c8       0x39 Core/Src/can.o
 .ARM.attributes
                0x0000000000000101       0x39 Core/Src/gpio.o
 .ARM.attributes
                0x000000000000013a       0x39 Core/Src/i2c.o
 .ARM.attributes
                0x0000000000000173       0x39 Core/Src/main.o
 .ARM.attributes
                0x00000000000001ac       0x39 Core/Src/rtc.o
 .ARM.attributes
                0x00000000000001e5       0x39 Core/Src/spi.o
 .ARM.attributes
                0x000000000000021e       0x39 Core/Src/stm32f3xx_hal_msp.o
 .ARM.attributes
                0x0000000000000257       0x39 Core/Src/stm32f3xx_it.o
 .ARM.attributes
                0x0000000000000290       0x39 Core/Src/system_stm32f3xx.o
 .ARM.attributes
                0x00000000000002c9       0x39 Core/Src/usart.o
 .ARM.attributes
                0x0000000000000302       0x21 Core/Startup/startup_stm32f302vctx.o
 .ARM.attributes
                0x0000000000000323       0x39 Drivers/STM32F3xx_HAL_Driver/Src/stm32f3xx_hal.o
 .ARM.attributes
                0x000000000000035c       0x39 Drivers/STM32F3xx_HAL_Driver/Src/stm32f3xx_hal_adc_ex.o
 .ARM.attributes
                0x0000000000000395       0x39 Drivers/STM32F3xx_HAL_Driver/Src/stm32f3xx_hal_can.o
 .ARM.attributes
                0x00000000000003ce       0x39 Drivers/STM32F3xx_HAL_Driver/Src/stm32f3xx_hal_cortex.o
 .ARM.attributes
                0x0000000000000407       0x39 Drivers/STM32F3xx_HAL_Driver/Src/stm32f3xx_hal_gpio.o
 .ARM.attributes
                0x0000000000000440       0x39 Drivers/STM32F3xx_HAL_Driver/Src/stm32f3xx_hal_i2c.o
 .ARM.attributes
                0x0000000000000479       0x39 Drivers/STM32F3xx_HAL_Driver/Src/stm32f3xx_hal_i2c_ex.o
 .ARM.attributes
                0x00000000000004b2       0x39 Drivers/STM32F3xx_HAL_Driver/Src/stm32f3xx_hal_pcd.o
 .ARM.attributes
                0x00000000000004eb       0x39 Drivers/STM32F3xx_HAL_Driver/Src/stm32f3xx_hal_pcd_ex.o
 .ARM.attributes
                0x0000000000000524       0x39 Drivers/STM32F3xx_HAL_Driver/Src/stm32f3xx_hal_rcc.o
 .ARM.attributes
                0x000000000000055d       0x39 Drivers/STM32F3xx_HAL_Driver/Src/stm32f3xx_hal_rcc_ex.o
 .ARM.attributes
                0x0000000000000596       0x39 Drivers/STM32F3xx_HAL_Driver/Src/stm32f3xx_hal_rtc.o
 .ARM.attributes
                0x00000000000005cf       0x39 Drivers/STM32F3xx_HAL_Driver/Src/stm32f3xx_hal_spi.o
 .ARM.attributes
                0x0000000000000608       0x39 Drivers/STM32F3xx_HAL_Driver/Src/stm32f3xx_hal_uart.o
 .ARM.attributes
                0x0000000000000641       0x39 Drivers/STM32F3xx_HAL_Driver/Src/stm32f3xx_ll_usb.o
 .ARM.attributes
                0x000000000000067a       0x39 FATFS/App/fatfs.o
 .ARM.attributes
                0x00000000000006b3       0x39 FATFS/Target/user_diskio.o
 .ARM.attributes
                0x00000000000006ec       0x39 Middlewares/ST/STM32_USB_Device_Library/Class/MSC/Src/usbd_msc.o
 .ARM.attributes
                0x0000000000000725       0x39 Middlewares/ST/STM32_USB_Device_Library/Class/MSC/Src/usbd_msc_bot.o
 .ARM.attributes
                0x000000000000075e       0x39 Middlewares/ST/STM32_USB_Device_Library/Class/MSC/Src/usbd_msc_data.o
 .ARM.attributes
                0x0000000000000797       0x39 Middlewares/ST/STM32_USB_Device_Library/Class/MSC/Src/usbd_msc_scsi.o
 .ARM.attributes
                0x00000000000007d0       0x39 Middlewares/ST/STM32_USB_Device_Library/Core/Src/usbd_core.o
 .ARM.attributes
                0x0000000000000809       0x39 Middlewares/ST/STM32_USB_Device_Library/Core/Src/usbd_ctlreq.o
 .ARM.attributes
                0x0000000000000842       0x39 Middlewares/ST/STM32_USB_Device_Library/Core/Src/usbd_ioreq.o
 .ARM.attributes
                0x000000000000087b       0x39 Middlewares/Third_Party/FatFs/src/ff_gen_drv.o
 .ARM.attributes
                0x00000000000008b4       0x39 USB_DEVICE/App/usb_device.o
 .ARM.attributes
                0x00000000000008ed       0x39 USB_DEVICE/App/usbd_desc.o
 .ARM.attributes
                0x0000000000000926       0x39 USB_DEVICE/App/usbd_storage_if.o
 .ARM.attributes
                0x000000000000095f       0x39 USB_DEVICE/Target/usbd_conf.o
 .ARM.attributes
                0x0000000000000998       0x34 c:/st/stm32cubeide_1.4.0/stm32cubeide/plugins/com.st.stm32cube.ide.mcu.externaltools.gnu-tools-for-stm32.7-2018-q2-update.win32_1.4.0.202007081208/tools/bin/../lib/gcc/arm-none-eabi/7.3.1/../../../../arm-none-eabi/lib/thumb/v7e-m/fpv4-sp/hard\libc_nano.a(lib_a-init.o)
 .ARM.attributes
                0x00000000000009cc       0x34 c:/st/stm32cubeide_1.4.0/stm32cubeide/plugins/com.st.stm32cube.ide.mcu.externaltools.gnu-tools-for-stm32.7-2018-q2-update.win32_1.4.0.202007081208/tools/bin/../lib/gcc/arm-none-eabi/7.3.1/../../../../arm-none-eabi/lib/thumb/v7e-m/fpv4-sp/hard\libc_nano.a(lib_a-memset.o)
 .ARM.attributes
                0x0000000000000a00       0x22 c:/st/stm32cubeide_1.4.0/stm32cubeide/plugins/com.st.stm32cube.ide.mcu.externaltools.gnu-tools-for-stm32.7-2018-q2-update.win32_1.4.0.202007081208/tools/bin/../lib/gcc/arm-none-eabi/7.3.1/thumb/v7e-m/fpv4-sp/hard/crtn.o
OUTPUT(QUTMS-PDM-V00.elf elf32-littlearm)

.debug_info     0x0000000000000000    0x23aae
 .debug_info    0x0000000000000000      0xb03 Core/Src/adc.o
 .debug_info    0x0000000000000b03      0x7fb Core/Src/bts7xx.o
 .debug_info    0x00000000000012fe      0x7b8 Core/Src/can.o
 .debug_info    0x0000000000001ab6      0x423 Core/Src/gpio.o
 .debug_info    0x0000000000001ed9      0x8eb Core/Src/i2c.o
 .debug_info    0x00000000000027c4     0x251b Core/Src/main.o
 .debug_info    0x0000000000004cdf      0x593 Core/Src/rtc.o
 .debug_info    0x0000000000005272      0x933 Core/Src/spi.o
 .debug_info    0x0000000000005ba5      0x278 Core/Src/stm32f3xx_hal_msp.o
 .debug_info    0x0000000000005e1d      0x684 Core/Src/stm32f3xx_it.o
 .debug_info    0x00000000000064a1      0x45c Core/Src/system_stm32f3xx.o
 .debug_info    0x00000000000068fd      0x916 Core/Src/usart.o
 .debug_info    0x0000000000007213       0x22 Core/Startup/startup_stm32f302vctx.o
 .debug_info    0x0000000000007235      0x7b2 Drivers/STM32F3xx_HAL_Driver/Src/stm32f3xx_hal.o
 .debug_info    0x00000000000079e7     0x1571 Drivers/STM32F3xx_HAL_Driver/Src/stm32f3xx_hal_adc_ex.o
 .debug_info    0x0000000000008f58      0xfa3 Drivers/STM32F3xx_HAL_Driver/Src/stm32f3xx_hal_can.o
 .debug_info    0x0000000000009efb      0xd69 Drivers/STM32F3xx_HAL_Driver/Src/stm32f3xx_hal_cortex.o
 .debug_info    0x000000000000ac64      0x6fc Drivers/STM32F3xx_HAL_Driver/Src/stm32f3xx_hal_gpio.o
 .debug_info    0x000000000000b360     0x1f65 Drivers/STM32F3xx_HAL_Driver/Src/stm32f3xx_hal_i2c.o
 .debug_info    0x000000000000d2c5      0x8de Drivers/STM32F3xx_HAL_Driver/Src/stm32f3xx_hal_i2c_ex.o
 .debug_info    0x000000000000dba3      0xe26 Drivers/STM32F3xx_HAL_Driver/Src/stm32f3xx_hal_pcd.o
 .debug_info    0x000000000000e9c9      0x763 Drivers/STM32F3xx_HAL_Driver/Src/stm32f3xx_hal_pcd_ex.o
 .debug_info    0x000000000000f12c     0x180f Drivers/STM32F3xx_HAL_Driver/Src/stm32f3xx_hal_rcc.o
 .debug_info    0x000000000001093b      0x66d Drivers/STM32F3xx_HAL_Driver/Src/stm32f3xx_hal_rcc_ex.o
 .debug_info    0x0000000000010fa8      0xbf4 Drivers/STM32F3xx_HAL_Driver/Src/stm32f3xx_hal_rtc.o
 .debug_info    0x0000000000011b9c     0x1625 Drivers/STM32F3xx_HAL_Driver/Src/stm32f3xx_hal_spi.o
 .debug_info    0x00000000000131c1     0x1592 Drivers/STM32F3xx_HAL_Driver/Src/stm32f3xx_hal_uart.o
 .debug_info    0x0000000000014753     0x14fb Drivers/STM32F3xx_HAL_Driver/Src/stm32f3xx_ll_usb.o
 .debug_info    0x0000000000015c4e      0x599 FATFS/App/fatfs.o
 .debug_info    0x00000000000161e7      0xc2f FATFS/Target/user_diskio.o
 .debug_info    0x0000000000016e16     0x13fd Middlewares/ST/STM32_USB_Device_Library/Class/MSC/Src/usbd_msc.o
 .debug_info    0x0000000000018213     0x139e Middlewares/ST/STM32_USB_Device_Library/Class/MSC/Src/usbd_msc_bot.o
 .debug_info    0x00000000000195b1      0x9e1 Middlewares/ST/STM32_USB_Device_Library/Class/MSC/Src/usbd_msc_data.o
 .debug_info    0x0000000000019f92     0x1756 Middlewares/ST/STM32_USB_Device_Library/Class/MSC/Src/usbd_msc_scsi.o
 .debug_info    0x000000000001b6e8     0x11d5 Middlewares/ST/STM32_USB_Device_Library/Core/Src/usbd_core.o
 .debug_info    0x000000000001c8bd     0x1145 Middlewares/ST/STM32_USB_Device_Library/Core/Src/usbd_ctlreq.o
 .debug_info    0x000000000001da02      0xf36 Middlewares/ST/STM32_USB_Device_Library/Core/Src/usbd_ioreq.o
 .debug_info    0x000000000001e938      0x464 Middlewares/Third_Party/FatFs/src/ff_gen_drv.o
 .debug_info    0x000000000001ed9c      0xf36 USB_DEVICE/App/usb_device.o
 .debug_info    0x000000000001fcd2      0xd1a USB_DEVICE/App/usbd_desc.o
 .debug_info    0x00000000000209ec     0x10bd USB_DEVICE/App/usbd_storage_if.o
 .debug_info    0x0000000000021aa9     0x2005 USB_DEVICE/Target/usbd_conf.o

.debug_abbrev   0x0000000000000000     0x5094
 .debug_abbrev  0x0000000000000000      0x199 Core/Src/adc.o
 .debug_abbrev  0x0000000000000199      0x17c Core/Src/bts7xx.o
 .debug_abbrev  0x0000000000000315      0x1bc Core/Src/can.o
 .debug_abbrev  0x00000000000004d1      0x134 Core/Src/gpio.o
 .debug_abbrev  0x0000000000000605      0x1a4 Core/Src/i2c.o
 .debug_abbrev  0x00000000000007a9      0x249 Core/Src/main.o
 .debug_abbrev  0x00000000000009f2      0x196 Core/Src/rtc.o
 .debug_abbrev  0x0000000000000b88      0x199 Core/Src/spi.o
 .debug_abbrev  0x0000000000000d21      0x109 Core/Src/stm32f3xx_hal_msp.o
 .debug_abbrev  0x0000000000000e2a      0x155 Core/Src/stm32f3xx_it.o
 .debug_abbrev  0x0000000000000f7f      0x12b Core/Src/system_stm32f3xx.o
 .debug_abbrev  0x00000000000010aa      0x199 Core/Src/usart.o
 .debug_abbrev  0x0000000000001243       0x12 Core/Startup/startup_stm32f302vctx.o
 .debug_abbrev  0x0000000000001255      0x1c7 Drivers/STM32F3xx_HAL_Driver/Src/stm32f3xx_hal.o
 .debug_abbrev  0x000000000000141c      0x225 Drivers/STM32F3xx_HAL_Driver/Src/stm32f3xx_hal_adc_ex.o
 .debug_abbrev  0x0000000000001641      0x20e Drivers/STM32F3xx_HAL_Driver/Src/stm32f3xx_hal_can.o
 .debug_abbrev  0x000000000000184f      0x2fa Drivers/STM32F3xx_HAL_Driver/Src/stm32f3xx_hal_cortex.o
 .debug_abbrev  0x0000000000001b49      0x1c0 Drivers/STM32F3xx_HAL_Driver/Src/stm32f3xx_hal_gpio.o
 .debug_abbrev  0x0000000000001d09      0x22a Drivers/STM32F3xx_HAL_Driver/Src/stm32f3xx_hal_i2c.o
 .debug_abbrev  0x0000000000001f33      0x1b9 Drivers/STM32F3xx_HAL_Driver/Src/stm32f3xx_hal_i2c_ex.o
 .debug_abbrev  0x00000000000020ec      0x27d Drivers/STM32F3xx_HAL_Driver/Src/stm32f3xx_hal_pcd.o
 .debug_abbrev  0x0000000000002369      0x188 Drivers/STM32F3xx_HAL_Driver/Src/stm32f3xx_hal_pcd_ex.o
 .debug_abbrev  0x00000000000024f1      0x28c Drivers/STM32F3xx_HAL_Driver/Src/stm32f3xx_hal_rcc.o
 .debug_abbrev  0x000000000000277d      0x208 Drivers/STM32F3xx_HAL_Driver/Src/stm32f3xx_hal_rcc_ex.o
 .debug_abbrev  0x0000000000002985      0x1af Drivers/STM32F3xx_HAL_Driver/Src/stm32f3xx_hal_rtc.o
 .debug_abbrev  0x0000000000002b34      0x228 Drivers/STM32F3xx_HAL_Driver/Src/stm32f3xx_hal_spi.o
 .debug_abbrev  0x0000000000002d5c      0x205 Drivers/STM32F3xx_HAL_Driver/Src/stm32f3xx_hal_uart.o
 .debug_abbrev  0x0000000000002f61      0x239 Drivers/STM32F3xx_HAL_Driver/Src/stm32f3xx_ll_usb.o
 .debug_abbrev  0x000000000000319a      0x17d FATFS/App/fatfs.o
 .debug_abbrev  0x0000000000003317      0x200 FATFS/Target/user_diskio.o
 .debug_abbrev  0x0000000000003517      0x27b Middlewares/ST/STM32_USB_Device_Library/Class/MSC/Src/usbd_msc.o
 .debug_abbrev  0x0000000000003792      0x2ad Middlewares/ST/STM32_USB_Device_Library/Class/MSC/Src/usbd_msc_bot.o
 .debug_abbrev  0x0000000000003a3f      0x18b Middlewares/ST/STM32_USB_Device_Library/Class/MSC/Src/usbd_msc_data.o
 .debug_abbrev  0x0000000000003bca      0x2e0 Middlewares/ST/STM32_USB_Device_Library/Class/MSC/Src/usbd_msc_scsi.o
 .debug_abbrev  0x0000000000003eaa      0x270 Middlewares/ST/STM32_USB_Device_Library/Core/Src/usbd_core.o
 .debug_abbrev  0x000000000000411a      0x2a0 Middlewares/ST/STM32_USB_Device_Library/Core/Src/usbd_ctlreq.o
 .debug_abbrev  0x00000000000043ba      0x1e0 Middlewares/ST/STM32_USB_Device_Library/Core/Src/usbd_ioreq.o
 .debug_abbrev  0x000000000000459a      0x19c Middlewares/Third_Party/FatFs/src/ff_gen_drv.o
 .debug_abbrev  0x0000000000004736      0x1c3 USB_DEVICE/App/usb_device.o
 .debug_abbrev  0x00000000000048f9      0x290 USB_DEVICE/App/usbd_desc.o
 .debug_abbrev  0x0000000000004b89      0x220 USB_DEVICE/App/usbd_storage_if.o
 .debug_abbrev  0x0000000000004da9      0x2eb USB_DEVICE/Target/usbd_conf.o

.debug_aranges  0x0000000000000000     0x17a0
 .debug_aranges
                0x0000000000000000       0x38 Core/Src/adc.o
 .debug_aranges
                0x0000000000000038       0x28 Core/Src/bts7xx.o
 .debug_aranges
                0x0000000000000060       0x30 Core/Src/can.o
 .debug_aranges
                0x0000000000000090       0x20 Core/Src/gpio.o
 .debug_aranges
                0x00000000000000b0       0x30 Core/Src/i2c.o
 .debug_aranges
                0x00000000000000e0       0x30 Core/Src/main.o
 .debug_aranges
                0x0000000000000110       0x30 Core/Src/rtc.o
 .debug_aranges
                0x0000000000000140       0x38 Core/Src/spi.o
 .debug_aranges
                0x0000000000000178       0x20 Core/Src/stm32f3xx_hal_msp.o
 .debug_aranges
                0x0000000000000198       0x68 Core/Src/stm32f3xx_it.o
 .debug_aranges
                0x0000000000000200       0x28 Core/Src/system_stm32f3xx.o
 .debug_aranges
                0x0000000000000228       0x30 Core/Src/usart.o
 .debug_aranges
                0x0000000000000258       0x28 Core/Startup/startup_stm32f302vctx.o
 .debug_aranges
                0x0000000000000280       0xe0 Drivers/STM32F3xx_HAL_Driver/Src/stm32f3xx_hal.o
 .debug_aranges
                0x0000000000000360      0x168 Drivers/STM32F3xx_HAL_Driver/Src/stm32f3xx_hal_adc_ex.o
 .debug_aranges
                0x00000000000004c8      0x138 Drivers/STM32F3xx_HAL_Driver/Src/stm32f3xx_hal_can.o
 .debug_aranges
                0x0000000000000600      0x118 Drivers/STM32F3xx_HAL_Driver/Src/stm32f3xx_hal_cortex.o
 .debug_aranges
                0x0000000000000718       0x58 Drivers/STM32F3xx_HAL_Driver/Src/stm32f3xx_hal_gpio.o
 .debug_aranges
                0x0000000000000770      0x288 Drivers/STM32F3xx_HAL_Driver/Src/stm32f3xx_hal_i2c.o
 .debug_aranges
                0x00000000000009f8       0x48 Drivers/STM32F3xx_HAL_Driver/Src/stm32f3xx_hal_i2c_ex.o
 .debug_aranges
                0x0000000000000a40      0x120 Drivers/STM32F3xx_HAL_Driver/Src/stm32f3xx_hal_pcd.o
 .debug_aranges
                0x0000000000000b60       0x38 Drivers/STM32F3xx_HAL_Driver/Src/stm32f3xx_hal_pcd_ex.o
 .debug_aranges
                0x0000000000000b98       0x88 Drivers/STM32F3xx_HAL_Driver/Src/stm32f3xx_hal_rcc.o
 .debug_aranges
                0x0000000000000c20       0x38 Drivers/STM32F3xx_HAL_Driver/Src/stm32f3xx_hal_rcc_ex.o
 .debug_aranges
                0x0000000000000c58       0xb8 Drivers/STM32F3xx_HAL_Driver/Src/stm32f3xx_hal_rtc.o
 .debug_aranges
                0x0000000000000d10      0x1d8 Drivers/STM32F3xx_HAL_Driver/Src/stm32f3xx_hal_spi.o
 .debug_aranges
                0x0000000000000ee8      0x210 Drivers/STM32F3xx_HAL_Driver/Src/stm32f3xx_hal_uart.o
 .debug_aranges
                0x00000000000010f8      0x108 Drivers/STM32F3xx_HAL_Driver/Src/stm32f3xx_ll_usb.o
 .debug_aranges
                0x0000000000001200       0x28 FATFS/App/fatfs.o
 .debug_aranges
                0x0000000000001228       0x40 FATFS/Target/user_diskio.o
 .debug_aranges
                0x0000000000001268       0x68 Middlewares/ST/STM32_USB_Device_Library/Class/MSC/Src/usbd_msc.o
 .debug_aranges
                0x00000000000012d0       0x68 Middlewares/ST/STM32_USB_Device_Library/Class/MSC/Src/usbd_msc_bot.o
 .debug_aranges
                0x0000000000001338       0x18 Middlewares/ST/STM32_USB_Device_Library/Class/MSC/Src/usbd_msc_data.o
 .debug_aranges
                0x0000000000001350       0x98 Middlewares/ST/STM32_USB_Device_Library/Class/MSC/Src/usbd_msc_scsi.o
 .debug_aranges
                0x00000000000013e8       0xb8 Middlewares/ST/STM32_USB_Device_Library/Core/Src/usbd_core.o
 .debug_aranges
                0x00000000000014a0       0x88 Middlewares/ST/STM32_USB_Device_Library/Core/Src/usbd_ctlreq.o
 .debug_aranges
                0x0000000000001528       0x50 Middlewares/ST/STM32_USB_Device_Library/Core/Src/usbd_ioreq.o
 .debug_aranges
                0x0000000000001578       0x40 Middlewares/Third_Party/FatFs/src/ff_gen_drv.o
 .debug_aranges
                0x00000000000015b8       0x20 USB_DEVICE/App/usb_device.o
 .debug_aranges
                0x00000000000015d8       0x60 USB_DEVICE/App/usbd_desc.o
 .debug_aranges
                0x0000000000001638       0x50 USB_DEVICE/App/usbd_storage_if.o
 .debug_aranges
                0x0000000000001688      0x118 USB_DEVICE/Target/usbd_conf.o

.debug_ranges   0x0000000000000000     0x1500
 .debug_ranges  0x0000000000000000       0x28 Core/Src/adc.o
 .debug_ranges  0x0000000000000028       0x18 Core/Src/bts7xx.o
 .debug_ranges  0x0000000000000040       0x20 Core/Src/can.o
 .debug_ranges  0x0000000000000060       0x10 Core/Src/gpio.o
 .debug_ranges  0x0000000000000070       0x20 Core/Src/i2c.o
 .debug_ranges  0x0000000000000090       0x20 Core/Src/main.o
 .debug_ranges  0x00000000000000b0       0x20 Core/Src/rtc.o
 .debug_ranges  0x00000000000000d0       0x28 Core/Src/spi.o
 .debug_ranges  0x00000000000000f8       0x10 Core/Src/stm32f3xx_hal_msp.o
 .debug_ranges  0x0000000000000108       0x58 Core/Src/stm32f3xx_it.o
 .debug_ranges  0x0000000000000160       0x18 Core/Src/system_stm32f3xx.o
 .debug_ranges  0x0000000000000178       0x20 Core/Src/usart.o
 .debug_ranges  0x0000000000000198       0x20 Core/Startup/startup_stm32f302vctx.o
 .debug_ranges  0x00000000000001b8       0xd0 Drivers/STM32F3xx_HAL_Driver/Src/stm32f3xx_hal.o
 .debug_ranges  0x0000000000000288      0x158 Drivers/STM32F3xx_HAL_Driver/Src/stm32f3xx_hal_adc_ex.o
 .debug_ranges  0x00000000000003e0      0x128 Drivers/STM32F3xx_HAL_Driver/Src/stm32f3xx_hal_can.o
 .debug_ranges  0x0000000000000508      0x108 Drivers/STM32F3xx_HAL_Driver/Src/stm32f3xx_hal_cortex.o
 .debug_ranges  0x0000000000000610       0x48 Drivers/STM32F3xx_HAL_Driver/Src/stm32f3xx_hal_gpio.o
 .debug_ranges  0x0000000000000658      0x278 Drivers/STM32F3xx_HAL_Driver/Src/stm32f3xx_hal_i2c.o
 .debug_ranges  0x00000000000008d0       0x38 Drivers/STM32F3xx_HAL_Driver/Src/stm32f3xx_hal_i2c_ex.o
 .debug_ranges  0x0000000000000908      0x110 Drivers/STM32F3xx_HAL_Driver/Src/stm32f3xx_hal_pcd.o
 .debug_ranges  0x0000000000000a18       0x28 Drivers/STM32F3xx_HAL_Driver/Src/stm32f3xx_hal_pcd_ex.o
 .debug_ranges  0x0000000000000a40       0x78 Drivers/STM32F3xx_HAL_Driver/Src/stm32f3xx_hal_rcc.o
 .debug_ranges  0x0000000000000ab8       0x28 Drivers/STM32F3xx_HAL_Driver/Src/stm32f3xx_hal_rcc_ex.o
 .debug_ranges  0x0000000000000ae0       0xa8 Drivers/STM32F3xx_HAL_Driver/Src/stm32f3xx_hal_rtc.o
 .debug_ranges  0x0000000000000b88      0x1c8 Drivers/STM32F3xx_HAL_Driver/Src/stm32f3xx_hal_spi.o
 .debug_ranges  0x0000000000000d50      0x200 Drivers/STM32F3xx_HAL_Driver/Src/stm32f3xx_hal_uart.o
 .debug_ranges  0x0000000000000f50       0xf8 Drivers/STM32F3xx_HAL_Driver/Src/stm32f3xx_ll_usb.o
 .debug_ranges  0x0000000000001048       0x18 FATFS/App/fatfs.o
 .debug_ranges  0x0000000000001060       0x30 FATFS/Target/user_diskio.o
 .debug_ranges  0x0000000000001090       0x58 Middlewares/ST/STM32_USB_Device_Library/Class/MSC/Src/usbd_msc.o
 .debug_ranges  0x00000000000010e8       0x58 Middlewares/ST/STM32_USB_Device_Library/Class/MSC/Src/usbd_msc_bot.o
 .debug_ranges  0x0000000000001140       0x88 Middlewares/ST/STM32_USB_Device_Library/Class/MSC/Src/usbd_msc_scsi.o
 .debug_ranges  0x00000000000011c8       0xa8 Middlewares/ST/STM32_USB_Device_Library/Core/Src/usbd_core.o
 .debug_ranges  0x0000000000001270       0x78 Middlewares/ST/STM32_USB_Device_Library/Core/Src/usbd_ctlreq.o
 .debug_ranges  0x00000000000012e8       0x40 Middlewares/ST/STM32_USB_Device_Library/Core/Src/usbd_ioreq.o
 .debug_ranges  0x0000000000001328       0x30 Middlewares/Third_Party/FatFs/src/ff_gen_drv.o
 .debug_ranges  0x0000000000001358       0x10 USB_DEVICE/App/usb_device.o
 .debug_ranges  0x0000000000001368       0x50 USB_DEVICE/App/usbd_desc.o
 .debug_ranges  0x00000000000013b8       0x40 USB_DEVICE/App/usbd_storage_if.o
 .debug_ranges  0x00000000000013f8      0x108 USB_DEVICE/Target/usbd_conf.o

.debug_macro    0x0000000000000000    0x21287
 .debug_macro   0x0000000000000000      0x248 Core/Src/adc.o
 .debug_macro   0x0000000000000248      0xa5a Core/Src/adc.o
 .debug_macro   0x0000000000000ca2      0x16f Core/Src/adc.o
 .debug_macro   0x0000000000000e11       0x2e Core/Src/adc.o
 .debug_macro   0x0000000000000e3f       0x28 Core/Src/adc.o
 .debug_macro   0x0000000000000e67       0x22 Core/Src/adc.o
 .debug_macro   0x0000000000000e89       0x8e Core/Src/adc.o
 .debug_macro   0x0000000000000f17       0x51 Core/Src/adc.o
 .debug_macro   0x0000000000000f68       0xef Core/Src/adc.o
 .debug_macro   0x0000000000001057       0x6a Core/Src/adc.o
 .debug_macro   0x00000000000010c1      0x1df Core/Src/adc.o
 .debug_macro   0x00000000000012a0       0x1c Core/Src/adc.o
 .debug_macro   0x00000000000012bc       0x22 Core/Src/adc.o
 .debug_macro   0x00000000000012de       0xdf Core/Src/adc.o
 .debug_macro   0x00000000000013bd     0x102d Core/Src/adc.o
 .debug_macro   0x00000000000023ea      0x11f Core/Src/adc.o
 .debug_macro   0x0000000000002509    0x1184a Core/Src/adc.o
 .debug_macro   0x0000000000013d53       0x43 Core/Src/adc.o
 .debug_macro   0x0000000000013d96      0x174 Core/Src/adc.o
 .debug_macro   0x0000000000013f0a       0x53 Core/Src/adc.o
 .debug_macro   0x0000000000013f5d      0x962 Core/Src/adc.o
 .debug_macro   0x00000000000148bf      0x4df Core/Src/adc.o
 .debug_macro   0x0000000000014d9e      0x12f Core/Src/adc.o
 .debug_macro   0x0000000000014ecd      0x174 Core/Src/adc.o
 .debug_macro   0x0000000000015041      0x1dc Core/Src/adc.o
 .debug_macro   0x000000000001521d      0x1bc Core/Src/adc.o
 .debug_macro   0x00000000000153d9       0x30 Core/Src/adc.o
 .debug_macro   0x0000000000015409       0x3c Core/Src/adc.o
 .debug_macro   0x0000000000015445      0x236 Core/Src/adc.o
 .debug_macro   0x000000000001567b      0x837 Core/Src/adc.o
 .debug_macro   0x0000000000015eb2       0x77 Core/Src/adc.o
 .debug_macro   0x0000000000015f29      0x408 Core/Src/adc.o
 .debug_macro   0x0000000000016331       0xc5 Core/Src/adc.o
 .debug_macro   0x00000000000163f6      0x21d Core/Src/adc.o
 .debug_macro   0x0000000000016613      0x22c Core/Src/adc.o
 .debug_macro   0x000000000001683f       0x58 Core/Src/adc.o
 .debug_macro   0x0000000000016897       0xa5 Core/Src/adc.o
 .debug_macro   0x000000000001693c       0x65 Core/Src/adc.o
 .debug_macro   0x00000000000169a1      0x249 Core/Src/adc.o
 .debug_macro   0x0000000000016bea       0x81 Core/Src/adc.o
 .debug_macro   0x0000000000016c6b       0xd3 Core/Src/adc.o
 .debug_macro   0x0000000000016d3e      0x30c Core/Src/adc.o
 .debug_macro   0x000000000001704a      0x3df Core/Src/adc.o
 .debug_macro   0x0000000000017429       0xeb Core/Src/adc.o
 .debug_macro   0x0000000000017514      0x2fe Core/Src/adc.o
 .debug_macro   0x0000000000017812      0x589 Core/Src/adc.o
 .debug_macro   0x0000000000017d9b       0x3e Core/Src/adc.o
 .debug_macro   0x0000000000017dd9      0x213 Core/Src/adc.o
 .debug_macro   0x0000000000017fec      0x100 Core/Src/adc.o
 .debug_macro   0x00000000000180ec      0x268 Core/Src/bts7xx.o
 .debug_macro   0x0000000000018354       0x22 Core/Src/bts7xx.o
 .debug_macro   0x0000000000018376      0x100 Core/Src/bts7xx.o
 .debug_macro   0x0000000000018476      0x248 Core/Src/can.o
 .debug_macro   0x00000000000186be      0x248 Core/Src/gpio.o
 .debug_macro   0x0000000000018906      0x248 Core/Src/i2c.o
 .debug_macro   0x0000000000018b4e      0x4ca Core/Src/main.o
 .debug_macro   0x0000000000019018       0xde Core/Src/main.o
 .debug_macro   0x00000000000190f6       0xf5 Core/Src/main.o
 .debug_macro   0x00000000000191eb       0x8e Core/Src/main.o
 .debug_macro   0x0000000000019279       0x46 Core/Src/main.o
 .debug_macro   0x00000000000192bf       0x18 Core/Src/main.o
 .debug_macro   0x00000000000192d7       0x3c Core/Src/main.o
 .debug_macro   0x0000000000019313       0x34 Core/Src/main.o
 .debug_macro   0x0000000000019347       0x16 Core/Src/main.o
 .debug_macro   0x000000000001935d       0x35 Core/Src/main.o
 .debug_macro   0x0000000000019392      0x32a Core/Src/main.o
 .debug_macro   0x00000000000196bc       0x10 Core/Src/main.o
 .debug_macro   0x00000000000196cc       0x52 Core/Src/main.o
 .debug_macro   0x000000000001971e       0x1f Core/Src/main.o
 .debug_macro   0x000000000001973d       0x43 Core/Src/main.o
 .debug_macro   0x0000000000019780       0x20 Core/Src/main.o
 .debug_macro   0x00000000000197a0      0x1a3 Core/Src/main.o
 .debug_macro   0x0000000000019943       0x10 Core/Src/main.o
 .debug_macro   0x0000000000019953       0x1c Core/Src/main.o
 .debug_macro   0x000000000001996f       0x52 Core/Src/main.o
 .debug_macro   0x00000000000199c1       0x40 Core/Src/main.o
 .debug_macro   0x0000000000019a01       0x10 Core/Src/main.o
 .debug_macro   0x0000000000019a11       0x40 Core/Src/main.o
 .debug_macro   0x0000000000019a51       0xd7 Core/Src/main.o
 .debug_macro   0x0000000000019b28       0x1c Core/Src/main.o
 .debug_macro   0x0000000000019b44       0x3d Core/Src/main.o
 .debug_macro   0x0000000000019b81       0x16 Core/Src/main.o
 .debug_macro   0x0000000000019b97      0x145 Core/Src/main.o
 .debug_macro   0x0000000000019cdc       0x16 Core/Src/main.o
 .debug_macro   0x0000000000019cf2       0x16 Core/Src/main.o
 .debug_macro   0x0000000000019d08       0x29 Core/Src/main.o
 .debug_macro   0x0000000000019d31       0x16 Core/Src/main.o
 .debug_macro   0x0000000000019d47       0x20 Core/Src/main.o
 .debug_macro   0x0000000000019d67       0x60 Core/Src/main.o
 .debug_macro   0x0000000000019dc7      0x1c8 Core/Src/main.o
 .debug_macro   0x0000000000019f8f      0x248 Core/Src/rtc.o
 .debug_macro   0x000000000001a1d7      0x248 Core/Src/spi.o
 .debug_macro   0x000000000001a41f      0x23e Core/Src/stm32f3xx_hal_msp.o
 .debug_macro   0x000000000001a65d      0x248 Core/Src/stm32f3xx_it.o
 .debug_macro   0x000000000001a8a5      0x235 Core/Src/system_stm32f3xx.o
 .debug_macro   0x000000000001aada      0x248 Core/Src/usart.o
 .debug_macro   0x000000000001ad22      0x253 Drivers/STM32F3xx_HAL_Driver/Src/stm32f3xx_hal.o
 .debug_macro   0x000000000001af75      0x259 Drivers/STM32F3xx_HAL_Driver/Src/stm32f3xx_hal_adc_ex.o
 .debug_macro   0x000000000001b1ce      0x237 Drivers/STM32F3xx_HAL_Driver/Src/stm32f3xx_hal_can.o
 .debug_macro   0x000000000001b405      0x22f Drivers/STM32F3xx_HAL_Driver/Src/stm32f3xx_hal_cortex.o
 .debug_macro   0x000000000001b634      0x267 Drivers/STM32F3xx_HAL_Driver/Src/stm32f3xx_hal_gpio.o
 .debug_macro   0x000000000001b89b      0x2f4 Drivers/STM32F3xx_HAL_Driver/Src/stm32f3xx_hal_i2c.o
 .debug_macro   0x000000000001bb8f      0x22f Drivers/STM32F3xx_HAL_Driver/Src/stm32f3xx_hal_i2c_ex.o
 .debug_macro   0x000000000001bdbe      0x23b Drivers/STM32F3xx_HAL_Driver/Src/stm32f3xx_hal_pcd.o
 .debug_macro   0x000000000001bff9      0x22f Drivers/STM32F3xx_HAL_Driver/Src/stm32f3xx_hal_pcd_ex.o
 .debug_macro   0x000000000001c228      0x253 Drivers/STM32F3xx_HAL_Driver/Src/stm32f3xx_hal_rcc.o
 .debug_macro   0x000000000001c47b      0x22f Drivers/STM32F3xx_HAL_Driver/Src/stm32f3xx_hal_rcc_ex.o
 .debug_macro   0x000000000001c6aa      0x230 Drivers/STM32F3xx_HAL_Driver/Src/stm32f3xx_hal_rtc.o
 .debug_macro   0x000000000001c8da      0x237 Drivers/STM32F3xx_HAL_Driver/Src/stm32f3xx_hal_spi.o